******************************************************************************
            TI ARM Clang Linker PC v3.2.1                      
******************************************************************************
>> Linked Fri Mar  8 10:56:37 2024

OUTPUT FILE NAME:   <uart_echo_LP_MSPM0G3507_freertos_ticlang.out>
ENTRY POINT SYMBOL: "_c_int00_noargs"  address: 000099b5


MEMORY CONFIGURATION

         name            origin    length      used     unused   attr    fill
----------------------  --------  ---------  --------  --------  ----  --------
  FLASH                 00000000   00020000  0000a8b0  00015750  R  X
  SRAM                  20200000   00008000  00005a31  000025cf  RW X
  BCR_CONFIG            41c00000   00000080  00000000  00000080  R   
  BSL_CONFIG            41c00100   00000080  00000000  00000080  R   


SEGMENT ALLOCATION MAP

run origin  load origin   length   init length attrs members
----------  ----------- ---------- ----------- ----- -------
00000000    00000000    0000a8b0   0000a8b0    r-x
  00000000    00000000    000000c0   000000c0    r-- .intvecs
  000000c0    000000c0    0000a330   0000a330    r-x .text
  0000a3f0    0000a3f0    000003e0   000003e0    r-- .rodata
  0000a7d0    0000a7d0    000000e0   000000e0    r-- .cinit
20200000    20200000    00005771   00000000    rw-
  20200000    20200000    00005370   00000000    rw- .bss
  20205370    20205370    00000401   00000000    rw- .data
20205800    20205800    000000c0   00000000    rw-
  20205800    20205800    000000c0   00000000    rw- .vtable
20207e00    20207e00    00000200   00000000    rw-
  20207e00    20207e00    00000200   00000000    rw- .stack


SECTION ALLOCATION MAP

 output                                  attributes/
section   page    origin      length       input sections
--------  ----  ----------  ----------   ----------------
.intvecs   0    00000000    000000c0     
                  00000000    000000c0     startup_mspm0g3507_ticlang.o (.intvecs)

.text      0    000000c0    0000a330     
                  000000c0    00000500     drivers_mspm0g1x0x_g3x0x.a : UARTMSPM0G1X0X_G3X0X.o (.text.UARTMSP_interruptHandler)
                  000005c0    000002e0     spinel_buffer.o (.text._ZN2ot6Spinel6Buffer16InFrameOverwriteERKNS1_13WritePositionEPKht)
                  000008a0    00000284     libc.a : _printfi.c.obj (.text:__TI_printfi_minimal)
                  00000b24    00000242     nsdynmemLIB.o (.text.ns_mem_free)
                  00000d66    00000002     startup_mspm0g3507_ticlang.o (.text.Default_Handler)
                  00000d68    00000214     spinel_buffer.o (.text._ZN2ot6Spinel6Buffer14OutFrameRemoveEv)
                  00000f7c    000001ec     ncp_base.o (.text._ZN2ot3Ncp7NcpBase23WriteCommandSetPropertyEjPv)
                  00001168    000001ec     freertos_builds_LP_MSPM0G3507_release_ticlang.lib : queue.o (.text.xQueueSemaphoreTake)
                  00001354    000001d2                                                       : queue.o (.text.xQueueGenericSend)
                  00001526    00000002                                                       : port.o (.text.SVC_Handler)
                  00001528    000001c0                                                       : heap_4.o (.text.pvPortMalloc)
                  000016e8    000001a6     nsdynmemLIB.o (.text.ns_mem_internal_alloc)
                  0000188e    00000002     ti_drivers_config.o (.text.UARTMSP_eventCallback)
                  00001890    000001a4     drivers_mspm0g1x0x_g3x0x.a : UARTMSPM0G1X0X_G3X0X.o (.text.UARTMSP_enable)
                  00001a34    000001a4     freertos_builds_LP_MSPM0G3507_release_ticlang.lib : queue.o (.text.xQueueReceive)
                  00001bd8    0000019c     drivers_mspm0g1x0x_g3x0x.a : DMAMSPM0.o (.text.DMAMSPM0_hwiFxn)
                  00001d74    0000018c     spinel_buffer.o (.text._ZN2ot6Spinel6Buffer22OutFramePrepareSegmentEv)
                  00001f00    00000188     freertos_builds_LP_MSPM0G3507_release_ticlang.lib : port.o (.text.vPortSuppressTicksAndSleep)
                  00002088    00000186     ncp_base.o (.text._ZN2ot3Ncp7NcpBase33HandleCommandPropertyInsertRemoveEhjj)
                  0000220e    00000002     libclang_rt.builtins.a : aeabi_div0.c.obj (.text.__aeabi_idiv0)
                  00002210    00000174     spinel_buffer.o (.text._ZN2ot6Spinel6Buffer5ClearEv)
                  00002384    00000172     spinel_buffer.o (.text._ZN2ot6Spinel6Buffer19InFrameBeginSegmentEv)
                  000024f6    00000002     libclang_rt.builtins.a : aeabi_div0.c.obj (.text.__aeabi_ldiv0)
                  000024f8    0000015c     spinel_buffer.o (.text._ZN2ot6Spinel6Buffer17InFrameEndSegmentEt)
                  00002654    00000158     freertos_builds_LP_MSPM0G3507_release_ticlang.lib : tasks.o (.text.xTaskIncrementTick)
                  000027ac    00000154                                                       : timers.o (.text.prvProcessReceivedCommands)
                  00002900    0000014c     message.o (.text._ZN2ot11MessagePoolC2ERNS_8InstanceE)
                  00002a4c    0000014c     freertos_builds_LP_MSPM0G3507_release_ticlang.lib : pthread.o (.text.pthread_create)
                  00002b98    00000144     hdlc.o (.text._ZN2ot4Hdlc7Encoder8EndFrameEv)
                  00002cdc    00000134     freertos_builds_LP_MSPM0G3507_release_ticlang.lib : tasks.o (.text.xTaskResumeAll)
                  00002e10    0000012e     drivers_mspm0g1x0x_g3x0x.a : RingBuf.o (.text.RingBuf_getn)
                  00002f3e    0000012c                                : RingBuf.o (.text.RingBuf_putn)
                  0000306a    00000002     libc.a : _lock.c.obj (.text._nop)
                  0000306c    0000012c     ncp_base.o (.text._ZN2ot3Ncp7NcpBase13HandleReceiveEPKht)
                  00003198    00000120     event.o (.text.eventOS_event_handler_create)
                  000032b8    00000120     freertos_builds_LP_MSPM0G3507_release_ticlang.lib : queue.o (.text.xQueueGenericSendFromISR)
                  000033d8    0000011c                                                       : tasks.o (.text.prvInitialiseNewTask)
                  000034f4    00000110                                                       : tasks.o (.text.vTaskSuspend)
                  00003604    0000010c     ncp_base.o (.text._ZN2ot3Ncp7NcpBase24HandleCommandPropertySetEhj)
                  00003710    00000104     libc.a : fputs.c.obj (.text.fputs)
                  00003814    00000100     freertos_builds_LP_MSPM0G3507_release_ticlang.lib : tasks.o (.text.vTaskPriorityDisinheritAfterTimeout)
                  00003914    000000fc     drivers_mspm0g1x0x_g3x0x.a : UARTMSPM0G1X0X_G3X0X.o (.text.UARTMSP_dmaRx)
                  00003a10    000000fc     ncp_base.o (.text._ZN2ot3Ncp7NcpBaseC2EPNS_8InstanceE)
                  00003b0c    000000fa     drivers_mspm0g1x0x_g3x0x.a : UART.o (.text.UART_readFullFeatured)
                  00003c06    00000002     mesh_system.o (.text.mesh_system_heap_error_handler)
                  00003c08    000000f4     hdlc.o (.text._ZN2ot4Hdlc7Decoder6DecodeEPKht)
                  00003cfc    000000f4     freertos_builds_LP_MSPM0G3507_release_ticlang.lib : queue.o (.text.xQueueGiveFromISR)
                  00003df0    000000f2     ncp_base.o (.text._ZN2ot3Ncp7NcpBase32CommandHandler_PROP_VALUE_updateEhj)
                  00003ee2    00000002     ns_event_loop.o (.text.ns_event_loop_thread_start)
                  00003ee4    000000f0     ncp_base.o (.text._ZN2ot3Ncp7NcpBase18UpdateChangedPropsEv)
                  00003fd4    000000f0     ncp_uart.o (.text._ZN2ot3Ncp7NcpUart19EncodeAndSendToUartEv)
                  000040c4    000000ec     ncp_base.o (.text._ZN2ot3Ncp7NcpBase15EnqueueResponseEhNS1_12ResponseTypeEj)
                  000041b0    000000ec     ncp_base.o (.text._ZN2ot3Ncp7NcpBase19SendQueuedResponsesEv)
                  0000429c    000000ec     freertos_builds_LP_MSPM0G3507_release_ticlang.lib : tasks.o (.text.vTaskSwitchContext)
                  00004388    000000ec                                                       : queue.o (.text.xQueueReceiveFromISR)
                  00004474    000000e8                                                       : tasks.o (.text.vTaskDelete)
                  0000455c    000000e4     ns_timer.o (.text.eventOS_callback_timer_start)
                  00004640    000000e4     freertos_builds_LP_MSPM0G3507_release_ticlang.lib : tasks.o (.text.xTaskPriorityInherit)
                  00004724    000000e0     drivers_mspm0g1x0x_g3x0x.a : DMAMSPM0.o (.text.DMAMSPM0_init)
                  00004804    000000e0     freertos_builds_LP_MSPM0G3507_release_ticlang.lib : tasks.o (.text.prvAddNewTaskToReadyList)
                  000048e4    000000dc     libc.a : setvbuf.c.obj (.text.setvbuf)
                  000049c0    000000d8     event.o (.text.eventOS_scheduler_dispatch_event)
                  00004a98    000000d4     freertos_builds_LP_MSPM0G3507_release_ticlang.lib : queue.o (.text.prvCopyDataToQueue)
                  00004b6c    000000d0     spinel_buffer.o (.text._ZN2ot6Spinel6Buffer16OutFrameReadByteEv)
                  00004c3c    000000cc     spinel_buffer.o (.text._ZN2ot6Spinel6Buffer14InFrameDiscardEv)
                  00004d08    000000c8     drivers_mspm0g1x0x_g3x0x.a : UART.o (.text.UART_open)
                  00004dd0    000000c8     event.o (.text.eventOS_scheduler_init)
                  00004e98    000000c6     spinel_buffer.o (.text._ZN2ot6Spinel6Buffer15InFrameFeedDataEPKht)
                  00004f5e    000000c6     message.o (.text._ZNK2ot7Message4ReadEttPv)
                  00005024    000000c4     ncp_base.o (.text._ZN2ot3Ncp7NcpBase25WritePropertyValueIsFrameEhjb)
                  000050e8    000000c4     freertos_builds_LP_MSPM0G3507_release_ticlang.lib : tasks.o (.text.xTaskPriorityDisinherit)
                  000051ac    000000c0                                                       : queue.o (.text.xQueueGenericCreateStatic)
                  0000526c    000000bc     drivers_mspm0g1x0x_g3x0x.a : DMAMSPM0.o (.text.DMAMSPM0_open)
                  00005328    000000bc     freertos_builds_LP_MSPM0G3507_release_ticlang.lib : HwiPMSPM0_freertos.o (.text.HwiP_construct)
                  000053e4    000000bc     ns_timer.o (.text.ns_timer_interrupt_handler)
                  000054a0    000000bc     freertos_builds_LP_MSPM0G3507_release_ticlang.lib : heap_4.o (.text.prvInsertBlockIntoFreeList)
                  0000555c    000000bc                                                       : tasks.o (.text.vTaskStartScheduler)
                  00005618    000000b8     spinel_buffer.o (.text._ZNK2ot6Spinel6Buffer18InFrameGetDistanceERKNS1_13WritePositionE)
                  000056d0    000000b6     freertos_builds_LP_MSPM0G3507_release_ticlang.lib : queue.o (.text.prvUnlockQueue)
                  00005786    00000002     misc.o (.text.otPlatReset)
                  00005788    000000b4     freertos_builds_LP_MSPM0G3507_release_ticlang.lib : ClockP_freertos.o (.text.ClockP_construct)
                  0000583c    000000b4     drivers_mspm0g1x0x_g3x0x.a : UART.o (.text.UART_writeCallback)
                  000058f0    000000b4     freertos_builds_LP_MSPM0G3507_release_ticlang.lib : tasks.o (.text.xTaskCheckForTimeOut)
                  000059a4    000000b0                                                       : tasks.o (.text.prvAddCurrentTaskToDelayedList)
                  00005a54    000000b0                                                       : heap_4.o (.text.prvHeapInit)
                  00005b04    000000b0                                                       : timers.o (.text.prvSwitchTimerLists)
                  00005bb4    000000b0                                                       : tasks.o (.text.xTaskRemoveFromEventList)
                  00005c64    000000ac     event.o (.text.eventOS_event_send)
                  00005d10    000000ac     ns_timer.o (.text.ns_timer_get_next_running_to)
                  00005dbc    000000aa     freertos_builds_LP_MSPM0G3507_release_ticlang.lib : queue.o (.text.xQueueGenericCreate)
                  00005e66    00000002     misc.o (.text.otPlatWakeHost)
                  00005e68    000000a8     drivers_mspm0g1x0x_g3x0x.a : DMAMSPM0.o (.text.DMA_Init)
                  00005f10    000000a8     ns_timer.o (.text.eventOS_callback_timer_register)
                  00005fb8    000000a4     drivers_mspm0g1x0x_g3x0x.a : UARTMSPM0G1X0X_G3X0X.o (.text.UARTMSP_txChar)
                  0000605c    000000a4     spinel_buffer.o (.text._ZN2ot6Spinel6Buffer15InFrameFeedByteEh)
                  00006100    000000a4     nsdynmemLIB.o (.text.ns_dyn_mem_init)
                  000061a4    000000a4     system_timer.o (.text.timer_sys_event_free)
                  00006248    000000a2     libclang_rt.builtins.a : udivmoddi4.S.obj (.text)
                  000062ea    00000002     arm_hal_interrupt.o (.text.platform_critical_init)
                  000062ec    000000a0     freertos_builds_LP_MSPM0G3507_release_ticlang.lib : heap_4.o (.text.vPortFree)
                  0000638c    000000a0                                                       : queue.o (.text.xQueueGenericReset)
                  0000642c    0000009a     libc.a : memcpy16.S.obj (.text:memcpy)
                  000064c6    00000098     drivers_mspm0g1x0x_g3x0x.a : UART.o (.text.UART_writeBuffered)
                  0000655e    00000094     freertos_builds_LP_MSPM0G3507_release_ticlang.lib : tasks.o (.text.xTaskCreateStatic)
                  000065f2    00000092                                                       : tasks.o (.text.xTaskCreate)
                  00006684    00000090     driverlib.a : dl_interrupt.o (.text.DL_Interrupt_registerInterrupt)
                  00006714    00000090     freertos_builds_LP_MSPM0G3507_release_ticlang.lib : timers.o (.text.xTimerGenericCommand)
                  000067a4    0000008c     drivers_mspm0g1x0x_g3x0x.a : DMAMSPM0.o (.text.DMAMSPM0_setupTransfer)
                  00006830    0000008c     ncp_uart.o (.text.otNcpInit)
                  000068bc    0000008c     freertos_builds_LP_MSPM0G3507_release_ticlang.lib : timers.o (.text.prvProcessTimerOrBlockTask)
                  00006948    0000008c                                                       : pthread.o (.text.removeThreadKeys)
                  000069d4    0000008a                                                       : SemaphoreP_freertos.o (.text.SemaphoreP_pend)
                  00006a5e    00000002     --HOLE-- [fill = 0]
                  00006a60    00000088     drivers_mspm0g1x0x_g3x0x.a : DMAMSPM0.o (.text.DMAMSPM0_close)
                  00006ae8    00000088     spinel.o (.text.spinel_packed_uint_decode)
                  00006b70    00000084     hdlc.o (.text._ZN2ot4Hdlc7Encoder6EncodeEh)
                  00006bf4    00000084     freertos_builds_LP_MSPM0G3507_release_ticlang.lib : HwiPMSPM0_freertos.o (.text.__NVIC_SetPriority)
                  00006c78    00000084                                                       : timers.o (.text.prvInsertTimerInActiveList)
                  00006cfc    00000082     spinel.o (.text.spinel_packed_uint_encode)
                  00006d7e    00000002     --HOLE-- [fill = 0]
                  00006d80    00000080     driverlib.a : dl_uart.o (.text.DL_UART_configBaudRate)
                  00006e00    00000080     system_timer.o (.text.timer_sys_init)
                  00006e80    0000007e     spinel_encoder.o (.text._ZN2ot6Spinel7Encoder10BeginFrameEhjj)
                  00006efe    00000002     --HOLE-- [fill = 0]
                  00006f00    0000007c     libc.a : fclose.c.obj (.text.__TI_closefile)
                  00006f7c    0000007c     freertos_builds_LP_MSPM0G3507_release_ticlang.lib : memory.o (.text.calloc)
                  00006ff8    0000007c                                                       : tasks.o (.text.eTaskConfirmSleepModeStatus)
                  00007074    0000007c                                                       : tasks.o (.text.prvInitialiseTaskLists)
                  000070f0    0000007c                                                       : timers.o (.text.prvProcessExpiredTimer)
                  0000716c    0000007c                                                       : timers.o (.text.xTimerCreateTimerTask)
                  000071e8    00000078     drivers_mspm0g1x0x_g3x0x.a : UARTMSPM0G1X0X_G3X0X.o (.text.UARTMSP_enableInts)
                  00007260    00000078     libc.a : copy_decompress_lzss.c.obj (.text:decompress:lzss)
                  000072d8    00000074     spinel_buffer.o (.text._ZN2ot6Spinel6Buffer10InFrameEndEv)
                  0000734c    00000074     event.o (.text.event_core_write)
                  000073c0    00000074     freertos_builds_LP_MSPM0G3507_release_ticlang.lib : tasks.o (.text.prvGetExpectedIdleTime)
                  00007434    00000074                                                       : ClockP_freertos.o (.text.setClockObjTimeout)
                  000074a8    00000070     uartecho.o (.text.ncp_tasklet)
                  00007518    0000006e     freertos_builds_LP_MSPM0G3507_release_ticlang.lib : pthread.o (.text.pthread_exit)
                  00007586    00000002     --HOLE-- [fill = 0]
                  00007588    0000006c     libsysbm.a : hostlseek.c.obj (.text.HOSTlseek)
                  000075f4    0000006c                : hostrename.c.obj (.text.HOSTrename)
                  00007660    0000006c     spinel_buffer.o (.text._ZN2ot6Spinel6Buffer22OutFramePrepareMessageEv)
                  000076cc    0000006c     libc.a : fseek.c.obj (.text.fseeko)
                  00007738    0000006c     ns_hal_init.o (.text.ns_hal_init)
                  000077a4    0000006c     freertos_builds_LP_MSPM0G3507_release_ticlang.lib : timers.o (.text.prvCheckForValidListAndQueue)
                  00007810    0000006c                                                       : list.o (.text.vListInsert)
                  0000787c    0000006a                                                       : queue.o (.text.vQueueWaitForMessageRestricted)
                  000078e6    00000002     --HOLE-- [fill = 0]
                  000078e8    00000068     drivers_mspm0g1x0x_g3x0x.a : UARTMSPM0G1X0X_G3X0X.o (.text.UARTMSP_disable)
                  00007950    00000068     libc.a : getdevice.c.obj (.text.getdevice)
                  000079b8    00000068     ns_event_loop.o (.text.ns_event_loop_thread_create)
                  00007a20    00000066     freertos_builds_LP_MSPM0G3507_release_ticlang.lib : timers.o (.text.prvInitialiseNewTimer)
                  00007a86    00000064     libc.a : _io_perm.c.obj (.text.__TI_wrt_ok)
                  00007aea    00000002     --HOLE-- [fill = 0]
                  00007aec    00000064     freertos_builds_LP_MSPM0G3507_release_ticlang.lib : semaphore.o (.text.sem_init)
                  00007b50    00000062     ncp_base.o (.text._ZN2ot3Ncp7NcpBase31HandleFrameRemovedFromNcpBufferEPvPKvNS_6Spinel6Buffer8PriorityEPS6_)
                  00007bb2    00000062     freertos_builds_LP_MSPM0G3507_release_ticlang.lib : timers.o (.text.xTimerCreateStatic)
                  00007c14    00000062     libc.a : memset16.S.obj (.text:memset)
                  00007c76    00000002     --HOLE-- [fill = 0]
                  00007c78    00000060     libsysbm.a : hostopen.c.obj (.text.HOSTopen)
                  00007cd8    00000060     libc.a : fflush.c.obj (.text.fflush)
                  00007d38    00000060     uart.o (.text.otPlatUartEnable)
                  00007d98    0000005c     freertos_builds_LP_MSPM0G3507_release_ticlang.lib : tasks.o (.text.prvIdleTask)
                  00007df4    0000005a                                                       : pthread.o (.text.pthread_setcancelstate)
                  00007e4e    00000002     --HOLE-- [fill = 0]
                  00007e50    00000058                                                       : ClockP_freertos.o (.text.ClockP_stop)
                  00007ea8    00000058     libsysbm.a : hostread.c.obj (.text.HOSTread)
                  00007f00    00000058                : hostwrite.c.obj (.text.HOSTwrite)
                  00007f58    00000058     spinel_encoder.o (.text._ZN2ot6Spinel7Encoder8EndFrameEv)
                  00007fb0    00000058     main_freertos.o (.text.main)
                  00008008    00000058     uartecho.o (.text.mainThread)
                  00008060    00000054     ti_drivers_config.o (.text.SYSCFG_DL_SYSCTL_init)
                  000080b4    00000054     freertos_builds_LP_MSPM0G3507_release_ticlang.lib : aeabi_portable.o (.text.__aeabi_errno_addr)
                  00008108    00000054     system_timer.o (.text.timer_sys_interrupt)
                  0000815c    00000054     freertos_builds_LP_MSPM0G3507_release_ticlang.lib : port.o (.text.vPortSetupTimerInterrupt)
                  000081b0    00000052     libc.a : fflush.c.obj (.text.__TI_doflush)
                  00008202    00000002     --HOLE-- [fill = 0]
                  00008204    00000050     libsysbm.a : close.c.obj (.text.close)
                  00008254    00000050     ncp_base.o (.text.platformNcpPrepCmdProcess)
                  000082a4    00000050     freertos_builds_LP_MSPM0G3507_release_ticlang.lib : tasks.o (.text.prvCheckTasksWaitingTermination)
                  000082f4    00000050                                                       : tasks.o (.text.prvDeleteTCB)
                  00008344    00000050                                                       : tasks.o (.text.vTaskSetThreadLocalStoragePointer)
                  00008394    0000004e                                                       : semaphore.o (.text.sem_post)
                  000083e2    00000002     --HOLE-- [fill = 0]
                  000083e4    0000004c     driverlib.a : dl_dma.o (.text.DL_DMA_initChannel)
                  00008430    0000004c     freertos_builds_LP_MSPM0G3507_release_ticlang.lib : tasks.o (.text.pvTaskGetThreadLocalStoragePointer)
                  0000847c    0000004c                                                       : port.o (.text.pxPortInitialiseStack)
                  000084c8    0000004a                                                       : memory.o (.text.malloc)
                  00008512    0000004a                                                       : queue.o (.text.xQueueCreateCountingSemaphore)
                  0000855c    00000048     driverlib.a : dl_uart.o (.text.DL_UART_init)
                  000085a4    00000048     libsysbm.a : hostclose.c.obj (.text.HOSTclose)
                  000085ec    00000048                : hostunlink.c.obj (.text.HOSTunlink)
                  00008634    00000048     drivers_mspm0g1x0x_g3x0x.a : RingBuf.o (.text.RingBuf_put)
                  0000867c    00000048     message.o (.text._ZN2ot12MessageQueue7DequeueERNS_7MessageE)
                  000086c4    00000048     uart.o (.text.otPlatUartSend)
                  0000870c    00000048     arm_hal_timer.o (.text.platform_timer_get_remaining_slots)
                  00008754    00000048     freertos_builds_LP_MSPM0G3507_release_ticlang.lib : list.o (.text.uxListRemove)
                  0000879c    00000046                                                       : queue.o (.text.prvInitialiseNewQueue)
                  000087e2    00000044                                                       : HwiPMSPM0_freertos.o (.text.HwiP_create)
                  00008826    0000000a     driverlib.a : dl_common.o (.text.DL_Common_delayCycles)
                  00008830    00000044     freertos_builds_LP_MSPM0G3507_release_ticlang.lib : port.o (.text.PendSV_Handler)
                  00008874    00000044     spinel_encoder.o (.text._ZN2ot6Spinel7Encoder9WriteUtf8EPKc)
                  000088b8    00000044     libc.a : aeabi_portable.c.obj (.text.__aeabi_assert)
                  000088fc    00000044     arm_hal_timer.o (.text.platform_timer_start)
                  00008940    00000044     freertos_builds_LP_MSPM0G3507_release_ticlang.lib : queue.o (.text.prvCopyDataFromQueue)
                  00008984    00000044                                                       : tasks.o (.text.vTaskPlaceOnEventListRestricted)
                  000089c8    00000042                                                       : ClockP_freertos.o (.text.ClockP_callbackFxn)
                  00008a0a    00000042     drivers_mspm0g1x0x_g3x0x.a : RingBuf.o (.text.RingBuf_get)
                  00008a4c    00000040     message.o (.text._ZN2ot12MessageQueue7EnqueueERNS_7MessageENS0_13QueuePositionE)
                  00008a8c    00000040     spinel_buffer.o (.text._ZN2ot6Spinel6Buffer13OutFrameBeginEv)
                  00008acc    00000040     libclang_rt.builtins.a : aeabi_uidivmod.S.obj (.text.__aeabi_uidivmod)
                  00008b0c    00000040     uart.o (.text.platformUartProcess)
                  00008b4c    00000040     arm_hal_timer.o (.text.platform_timer_enable)
                  00008b8c    00000040     freertos_builds_LP_MSPM0G3507_release_ticlang.lib : port.o (.text.xPortStartScheduler)
                  00008bcc    00000040                                                       : timers.o (.text.xTimerIsTimerActive)
                  00008c0c    0000003e     drivers_mspm0g1x0x_g3x0x.a : RingBuf.o (.text.RingBuf_putAdvance)
                  00008c4a    0000003e                                : UART.o (.text.UART_writeFullFeatured)
                  00008c88    0000003c     instance.o (.text._ZN2ot8Instance10InitSingleEv)
                  00008cc4    0000003c     freertos_builds_LP_MSPM0G3507_release_ticlang.lib : timers.o (.text.prvSampleTimeNow)
                  00008d00    0000003c     libc.a : autoinit.c.obj (.text:__TI_auto_init_nobinit_nopinit)
                  00008d3c    0000003a     libclang_rt.builtins.a : muldsi3.S.obj (.text.__muldsi3)
                  00008d76    0000003a     freertos_builds_LP_MSPM0G3507_release_ticlang.lib : list.o (.text.vListInsertEnd)
                  00008db0    00000038     driverlib.a : dl_sysctl_mspm0g1x0x_g3x0x.o (.text.DL_SYSCTL_switchMCLKfromLFCLKtoSYSOSC)
                  00008de8    00000038     freertos_builds_LP_MSPM0G3507_release_ticlang.lib : HwiPMSPM0_freertos.o (.text.HwiP_dispatch)
                  00008e20    00000038     drivers_mspm0g1x0x_g3x0x.a : RingBuf.o (.text.RingBuf_putPointer)
                  00008e58    00000038     freertos_builds_LP_MSPM0G3507_release_ticlang.lib : SemaphoreP_freertos.o (.text.SemaphoreP_createBinary)
                  00008e90    00000038     spinel_buffer.o (.text._ZN2ot6Spinel6BufferC2EPht)
                  00008ec8    00000038     libc.a : getdevice.c.obj (.text.finddevice)
                  00008f00    00000038     freertos_builds_LP_MSPM0G3507_release_ticlang.lib : timers.o (.text.prvGetNextExpireTime)
                  00008f38    00000038     libc.a : sprintf.c.obj (.text.sprintf)
                  00008f70    00000038     freertos_builds_LP_MSPM0G3507_release_ticlang.lib : tasks.o (.text.xTaskGetApplicationTaskTag)
                  00008fa8    00000038                                                       : tasks.o (.text.xTaskGetSchedulerState)
                  00008fe0    00000036     message.o (.text._ZNK2ot7Message7GetNextEv)
                  00009016    00000002     --HOLE-- [fill = 0]
                  00009018    00000034     freertos_builds_LP_MSPM0G3507_release_ticlang.lib : HwiPMSPM0_freertos.o (.text.HwiP_disable)
                  0000904c    00000034     drivers_mspm0g1x0x_g3x0x.a : RingBuf.o (.text.RingBuf_getConsume)
                  00009080    00000034     ti_drivers_config.o (.text.SYSCFG_DL_initPower)
                  000090b4    00000034     ncp_uart.o (.text._ZN2ot3Ncp7NcpUart11HandleFrameEPv7otError)
                  000090e8    00000034     freertos_builds_LP_MSPM0G3507_release_ticlang.lib : HwiPMSPM0_freertos.o (.text.__NVIC_DisableIRQ)
                  0000911c    00000034     libc.a : fopen.c.obj (.text.__TI_cleanup)
                  00009150    00000034     libsysbm.a : trgmsg.c.obj (.text.__TI_readmsg)
                  00009184    00000034                : trgmsg.c.obj (.text.__TI_writemsg)
                  000091b8    00000034     libc.a : exit.c.obj (.text.exit)
                  000091ec    00000034     freertos_builds_LP_MSPM0G3507_release_ticlang.lib : pthread.o (.text.pthread_attr_setschedparam)
                  00009220    00000034                                                       : port.o (.text.vPortStartFirstTask)
                  00009254    00000034                                                       : tasks.o (.text.vTaskPlaceOnEventList)
                  00009288    00000034                                                       : tasks.o (.text.vTaskSetApplicationTaskTag)
                  000092bc    00000034                                                       : tasks.o (.text.vTaskStepTick)
                  000092f0    00000032     spinel_decoder.o (.text._ZN2ot6Spinel7Decoder14ReadUintPackedERj)
                  00009322    00000032     freertos_builds_LP_MSPM0G3507_release_ticlang.lib : queue.o (.text.vQueueDelete)
                  00009354    00000030                                                       : ClockP_freertos.o (.text.ClockP_isActive)
                  00009384    00000030                                                       : HwiPMSPM0_freertos.o (.text.HwiP_inISR)
                  000093b4    00000030     mesh_system.o (.text.mesh_system_init)
                  000093e4    00000030     freertos_builds_LP_MSPM0G3507_release_ticlang.lib : tasks.o (.text.prvResetNextTaskUnblockTime)
                  00009414    00000030                                                       : port.o (.text.prvTaskExitError)
                  00009444    0000002e     changed_props_set.o (.text._ZN2ot3Ncp15ChangedPropsSet3AddEjj)
                  00009472    0000002e     spinel_encoder.o (.text._ZN2ot6Spinel7Encoder16WriteDataWithLenEPKht)
                  000094a0    0000002e     freertos_builds_LP_MSPM0G3507_release_ticlang.lib : queue.o (.text.prvIsQueueFull)
                  000094ce    0000002e                                                       : pthread.o (.text.pthread_attr_setdetachstate)
                  000094fc    0000002c     drivers_mspm0g1x0x_g3x0x.a : DMAMSPM0.o (.text.DMAMSPM0_disableChannel)
                  00009528    0000002c     freertos_builds_LP_MSPM0G3507_release_ticlang.lib : SemaphoreP_freertos.o (.text.SemaphoreP_post)
                  00009554    0000002c                                                       : port.o (.text.SysTick_Handler)
                  00009580    0000002c                                                       : HwiPMSPM0_freertos.o (.text.__NVIC_EnableIRQ)
                  000095ac    0000002c                                                       : pthread.o (.text._pthread_cleanup_pop)
                  000095d8    0000002c     ns_event_loop_mutex.o (.text.eventOS_scheduler_mutex_wait)
                  00009604    0000002c     freertos_builds_LP_MSPM0G3507_release_ticlang.lib : timers.o (.text.pvTimerGetTimerID)
                  00009630    0000002c     libsysbm.a : unlink.c.obj (.text.unlink)
                  0000965c    0000002c     freertos_builds_LP_MSPM0G3507_release_ticlang.lib : list.o (.text.vListInitialise)
                  00009688    0000002c                                                       : port.o (.text.vPortExitCritical)
                  000096b4    0000002a     spinel_buffer.o (.text._ZN2ot6Spinel6Buffer12InFrameBeginENS1_8PriorityE)
                  000096de    0000002a     message_api.o (.text.otMessageQueueGetNext)
                  00009708    0000002a     freertos_builds_LP_MSPM0G3507_release_ticlang.lib : queue.o (.text.prvIsQueueEmpty)
                  00009732    0000002a                                                       : semaphore.o (.text.semaphorePend)
                  0000975c    00000028                                                       : ClockP_freertos.o (.text.ClockP_start)
                  00009784    00000028     hdlc.o (.text._ZN2ot4Hdlc7Encoder10BeginFrameEv)
                  000097ac    00000028     spinel_buffer.o (.text._ZN2ot6Spinel6Buffer18InFrameGetPositionERNS1_13WritePositionE)
                  000097d4    00000028     spinel_decoder.o (.text._ZN2ot6Spinel7Decoder8ReadDataERPKhRt)
                  000097fc    00000028     message.o (.text._ZN2ot7Message4FreeEv)
                  00009824    00000028     ns_event_loop_mutex.o (.text.eventOS_scheduler_mutex_release)
                  0000984c    00000028     libsysbm.a : lseek.c.obj (.text.lseek)
                  00009874    00000028     uartecho.o (.text.platformNcpSendAsyncRspSignal)
                  0000989c    00000028     uartecho.o (.text.platformNcpSendCmdSignal)
                  000098c4    00000028     uartecho.o (.text.platformUartSignal)
                  000098ec    00000028     freertos_builds_LP_MSPM0G3507_release_ticlang.lib : queue.o (.text.prvGetDisinheritPriorityAfterTimeout)
                  00009914    00000028     system_timer.o (.text.tick_timer_eventOS_callback)
                  0000993c    00000028     freertos_builds_LP_MSPM0G3507_release_ticlang.lib : StaticAllocs_freertos.o (.text.vApplicationGetIdleTaskMemory)
                  00009964    00000028                                                       : StaticAllocs_freertos.o (.text.vApplicationGetTimerTaskMemory)
                  0000998c    00000028     libsysbm.a : write.c.obj (.text.write)
                  000099b4    00000028     libc.a : boot_cortex_m.c.obj (.text:_c_int00_noargs)
                  000099dc    00000026     freertos_builds_LP_MSPM0G3507_release_ticlang.lib : ClockP_freertos.o (.text.ClockP_getTimeout)
                  00009a02    00000026     drivers_mspm0g1x0x_g3x0x.a : RingBuf.o (.text.RingBuf_getPointer)
                  00009a28    00000026                                : UART.o (.text.UART_read)
                  00009a4e    00000026                                : UART.o (.text.UART_write)
                  00009a74    00000026     event.o (.text.eventOS_scheduler_run)
                  00009a9a    00000024     freertos_builds_LP_MSPM0G3507_release_ticlang.lib : ClockP_freertos.o (.text.ClockP_getSystemTicks)
                  00009abe    00000024                                                       : HwiPMSPM0_freertos.o (.text.HwiP_Params_init)
                  00009ae2    00000002     --HOLE-- [fill = 0]
                  00009ae4    00000024                                                       : HwiPMSPM0_freertos.o (.text.HwiP_restore)
                  00009b08    00000024                                                       : PTLS.o (.text.PTLS_taskDeleteHook)
                  00009b2c    00000024     libclang_rt.builtins.a : muldi3.S.obj (.text.__muldi3)
                  00009b50    00000024     ncp_uart.o (.text.otPlatUartSendDone)
                  00009b74    00000022     spinel_encoder.o (.text._ZN2ot6Spinel7Encoder15WriteUintPackedEj)
                  00009b96    00000022     libc.a : memccpy.c.obj (.text.memccpy)
                  00009bb8    00000022     freertos_builds_LP_MSPM0G3507_release_ticlang.lib : timers.o (.text.xTimerGetExpiryTime)
                  00009bda    00000020     startup_mspm0g3507_ticlang.o (.text.HardFault_Handler)
                  00009bfa    00000020     freertos_builds_LP_MSPM0G3507_release_ticlang.lib : HwiPMSPM0_freertos.o (.text.HwiP_destruct)
                  00009c1a    00000002     --HOLE-- [fill = 0]
                  00009c1c    00000020     ti_drivers_config.o (.text.SYSCFG_DL_SYSCTL_CLK_init)
                  00009c3c    00000020     ns_list.o (.text.ns_list_remove_)
                  00009c5c    00000020     freertos_builds_LP_MSPM0G3507_release_ticlang.lib : tasks.o (.text.pvTaskIncrementMutexHeldCount)
                  00009c7c    00000020                                                       : tasks.o (.text.vTaskInternalSetTimeOutState)
                  00009c9c    0000001e     libclang_rt.builtins.a : ashldi3.S.obj (.text.__ashldi3)
                  00009cba    0000001e     freertos_builds_LP_MSPM0G3507_release_ticlang.lib : pthread.o (.text._pthread_runStub)
                  00009cd8    0000001e     ncp_uart.o (.text.otPlatUartReceived)
                  00009cf6    0000001e     freertos_builds_LP_MSPM0G3507_release_ticlang.lib : timers.o (.text.prvTimerTask)
                  00009d14    0000001e                                                       : semaphore.o (.text.sem_wait)
                  00009d32    00000002     --HOLE-- [fill = 0]
                  00009d34    0000001c     ncp_uart.o (.text._ZN2ot3Ncp7NcpUart27HandleFrameAddedToNcpBufferEPvPKvNS_6Spinel6Buffer8PriorityEPS6_)
                  00009d50    0000001c     spinel_decoder.o (.text._ZN2ot6Spinel7Decoder9ReadUint8ERh)
                  00009d6c    0000001c     freertos_builds_LP_MSPM0G3507_release_ticlang.lib : pthread.o (.text.pthread_attr_init)
                  00009d88    0000001a                                                       : PTLS.o (.text.PTLS_getBuf)
                  00009da2    0000001a                                                       : PTLS.o (.text.PTLS_setBuf)
                  00009dbc    0000001a     spinel_decoder.o (.text._ZN2ot6Spinel7Decoder12ResetToSavedEv)
                  00009dd6    00000002     --HOLE-- [fill = 0]
                  00009dd8    00000018     ti_drivers_config.o (.text.SYSCFG_DL_GPIO_init)
                  00009df0    00000018     drivers_mspm0g1x0x_g3x0x.a : UART.o (.text.UART_Params_init)
                  00009e08    00000018     spinel_buffer.o (.text._ZNK2ot6Spinel6Buffer7IsEmptyEv)
                  00009e20    00000018     libc.a : assert.c.obj (.text._abort_msg)
                  00009e38    00000018            : sprintf.c.obj (.text._outs)
                  00009e50    00000018     ns_event_loop.o (.text.eventOS_scheduler_idle)
                  00009e68    00000018     nsdynmemLIB.o (.text.ns_dyn_mem_alloc)
                  00009e80    00000018     ns_event_loop_mutex.o (.text.ns_event_loop_mutex_init)
                  00009e98    00000018     ns_list.o (.text.ns_list_add_after_)
                  00009eb0    00000018     ns_list.o (.text.ns_list_add_to_start_)
                  00009ec8    00000018     startup_mspm0g3507_ticlang.o (.text.prvGetRegistersFromStack)
                  00009ee0    00000018     freertos_builds_LP_MSPM0G3507_release_ticlang.lib : pthread.o (.text.pthread_self)
                  00009ef8    00000018                                                       : port.o (.text.vPortEnterCritical)
                  00009f10    00000018                                                       : port.o (.text.vPortYield)
                  00009f28    00000018                                                       : tasks.o (.text.xTaskGetTickCountFromISR)
                  00009f40    00000016                                                       : ClockP_freertos.o (.text.ClockP_Params_init)
                  00009f56    00000016                                                       : HwiPMSPM0_freertos.o (.text.HwiP_delete)
                  00009f6c    00000016     ncp_base.o (.text._ZN2ot3Ncp7NcpBase14ShouldWakeHostEv)
                  00009f82    00000016     ncp_base.o (.text._ZN2ot3Ncp7NcpBase19ShouldDeferHostSendEv)
                  00009f98    00000016     spinel_decoder.o (.text._ZN2ot6Spinel7Decoder4InitEPKht)
                  00009fae    00000014     freertos_builds_LP_MSPM0G3507_release_ticlang.lib : ClockP_freertos.o (.text.ClockP_setTimeout)
                  00009fc2    00000002     --HOLE-- [fill = 0]
                  00009fc4    00000014     driverlib.a : dl_interrupt.o (.text.DL_Interrupt_unregisterInterrupt)
                  00009fd8    00000014     freertos_builds_LP_MSPM0G3507_release_ticlang.lib : HwiPMSPM0_freertos.o (.text.HwiP_disableInterrupt)
                  00009fec    00000014                                                       : HwiPMSPM0_freertos.o (.text.HwiP_enableInterrupt)
                  0000a000    00000014     ti_drivers_config.o (.text.SYSCFG_DL_init)
                  0000a014    00000014     libclang_rt.builtins.a : aeabi_uldivmod.S.obj (.text.__aeabi_uldivmod)
                  0000a028    00000014     freertos_builds_LP_MSPM0G3507_release_ticlang.lib : memory.o (.text.aligned_alloc)
                  0000a03c    00000014     arm_hal_timer.o (.text.clk0Fxn)
                  0000a050    00000014     nsdynmemLIB.o (.text.ns_dyn_mem_free)
                  0000a064    00000014     nsdynmemLIB.o (.text.ns_dyn_mem_temporary_alloc)
                  0000a078    00000014     uart.o (.text.uartReadCallback)
                  0000a08c    00000014     uart.o (.text.uartWriteCallback)
                  0000a0a0    00000014     freertos_builds_LP_MSPM0G3507_release_ticlang.lib : tasks.o (.text.xTaskGetCurrentTaskHandle)
                  0000a0b4    00000014                                                       : tasks.o (.text.xTaskGetTickCount)
                  0000a0c8    00000012     driverlib.a : dl_uart.o (.text.DL_UART_setClockConfig)
                  0000a0da    00000012     spinel_buffer.o (.text._ZN2ot6Spinel6Buffer16OutFrameHasEndedEv)
                  0000a0ec    00000012     ns_list.o (.text.ns_list_add_to_end_)
                  0000a0fe    00000012     ns_list.o (.text.ns_list_get_previous_)
                  0000a110    00000012     freertos_builds_LP_MSPM0G3507_release_ticlang.lib : pthread.o (.text.pthread_attr_setstacksize)
                  0000a122    00000012     libsysbm.a : hostrename.c.obj (.text.strcpy)
                  0000a134    00000012     libc.a : copy_decompress_none.c.obj (.text:decompress:none)
                  0000a146    00000002     --HOLE-- [fill = 0]
                  0000a148    00000010     drivers_mspm0g1x0x_g3x0x.a : DMAMSPM0.o (.text.DMAMSPM0_getCurrTransferSize)
                  0000a158    00000010     freertos_builds_LP_MSPM0G3507_release_ticlang.lib : SemaphoreP_freertos.o (.text.SemaphoreP_delete)
                  0000a168    00000010     ti_drivers_config.o (.text.UART0_IRQHandler)
                  0000a178    00000010     hdlc.o (.text._ZN2ot4Hdlc7DecoderC2ERNS0_17FrameWritePointerEPFvPv7otErrorES4_)
                  0000a188    00000010     ns_event_loop.o (.text.eventOS_scheduler_signal)
                  0000a198    00000010     freertos_builds_LP_MSPM0G3507_release_ticlang.lib : memory.o (.text.free)
                  0000a1a8    00000010     ns_list.o (.text.ns_list_add_before_)
                  0000a1b8    00000010     ns_list.o (.text.ns_list_get_last_)
                  0000a1c8    00000010     arm_hal_interrupt.o (.text.platform_enter_critical)
                  0000a1d8    00000010     arm_hal_interrupt.o (.text.platform_exit_critical)
                  0000a1e8    00000010     freertos_builds_LP_MSPM0G3507_release_ticlang.lib : tasks.o (.text.vTaskSuspendAll)
                  0000a1f8    00000010     libc.a : copy_zero_init.c.obj (.text:decompress:ZI)
                  0000a208    0000000e     drivers_mspm0g1x0x_g3x0x.a : RingBuf.o (.text.RingBuf_construct)
                  0000a216    0000000e     spinel_decoder.o (.text._ZN2ot6Spinel7Decoder12SavePositionEv)
                  0000a224    0000000e     message.o (.text._ZNK2ot12MessageQueue7GetHeadEv)
                  0000a232    00000002     --HOLE-- [fill = 0]
                  0000a234    0000000e     libclang_rt.builtins.a : aeabi_memset.S.obj (.text.__aeabi_memset)
                  0000a242    0000000e     message_api.o (.text.otMessageRead)
                  0000a250    0000000e     libc.a : _printfi.c.obj (.text.strlen)
                  0000a25e    0000000e            : aeabi_portable.c.obj (.text.strlen)
                  0000a26c    0000000e     libsysbm.a : hostrename.c.obj (.text.strlen)
                  0000a27a    0000000e     freertos_builds_LP_MSPM0G3507_release_ticlang.lib : list.o (.text.vListInitialiseItem)
                  0000a288    0000000c     ncp_base.o (.text._ZN2ot3Ncp7NcpBase14GetNcpInstanceEv)
                  0000a294    0000000c     ncp_base.o (.text._ZN2ot3Ncp7NcpBase26IncrementFrameErrorCounterEv)
                  0000a2a0    0000000c     spinel_decoder.o (.text._ZN2ot6Spinel7DecoderC2Ev)
                  0000a2ac    0000000c     libclang_rt.builtins.a : aeabi_memset.S.obj (.text.__aeabi_memclr)
                  0000a2b8    0000000c     event.o (.text.eventOS_event_send_timer_allocated)
                  0000a2c4    0000000c     freertos_builds_LP_MSPM0G3507_release_ticlang.lib : memory.o (.text.memalign)
                  0000a2d0    0000000c     ncp_uart.o (.text.platformNcpSendProcess)
                  0000a2dc    0000000c     arm_hal_timer.o (.text.platform_timer_set_cb)
                  0000a2e8    0000000c     freertos_builds_LP_MSPM0G3507_release_ticlang.lib : memory.o (.text.realloc)
                  0000a2f4    0000000c                                                       : tasks.o (.text.vTaskMissedYield)
                  0000a300    0000000a     libc.a : sprintf.c.obj (.text._outc)
                  0000a30a    0000000a     message_api.o (.text.otMessageQueueEnqueue)
                  0000a314    0000000a     freertos_builds_LP_MSPM0G3507_release_ticlang.lib : sched.o (.text.sched_yield)
                  0000a31e    00000008     hdlc.o (.text._ZN2ot4Hdlc7EncoderC2ERNS0_17FrameWritePointerE)
                  0000a326    00000008     instance.o (.text._ZN2ot8Instance5ResetEv)
                  0000a32e    00000002     --HOLE-- [fill = 0]
                  0000a330    00000008     libclang_rt.builtins.a : aeabi_memcpy.S.obj (.text.__aeabi_memcpy)
                  0000a338    00000008     ns_event_loop.o (.text.event_loop_thread)
                  0000a340    00000008     libc.a : fseek.c.obj (.text.fseek)
                  0000a348    00000008     ns_event_loop.o (.text.ns_event_loop_init)
                  0000a350    00000008     ns_list.o (.text.ns_list_init_)
                  0000a358    00000008     instance_api.o (.text.otInstanceInitSingle)
                  0000a360    00000008     instance_api.o (.text.otInstanceReset)
                  0000a368    00000008     message_api.o (.text.otMessageFree)
                  0000a370    00000008     message_api.o (.text.otMessageQueueDequeue)
                  0000a378    00000008     message_api.o (.text.otMessageQueueGetHead)
                  0000a380    00000008     libsysbm.a : remove.c.obj (.text.remove)
                  0000a388    00000008     freertos_builds_LP_MSPM0G3507_release_ticlang.lib : port.o (.text.ulSetInterruptMaskFromISR)
                  0000a390    00000006                                                       : ClockP_freertos.o (.text.ClockP_getSystemTickPeriod)
                  0000a396    00000006     tasklet.o (.text._ZN2ot16TaskletSchedulerC2Ev)
                  0000a39c    00000006     spinel_buffer.o (.text._ZN2ot6Spinel6Buffer21SetFrameAddedCallbackEPFvPvPKvNS1_8PriorityEPS1_ES2_)
                  0000a3a2    00000006     spinel_buffer.o (.text._ZN2ot6Spinel6Buffer23SetFrameRemovedCallbackEPFvPvPKvNS1_8PriorityEPS1_ES2_)
                  0000a3a8    00000006     message_api.o (.text.otMessageQueueInit)
                  0000a3ae    00000006     freertos_builds_LP_MSPM0G3507_release_ticlang.lib : port.o (.text.vClearInterruptMaskFromISR)
                  0000a3b4    00000004     startup_mspm0g3507_ticlang.o (.text.Reset_Handler)
                  0000a3b8    00000010     libc.a : boot_cortex_m.c.obj (.tramp._c_int00_noargs.1)
                  0000a3c8    00000004     changed_props_set.o (.text._ZNK2ot3Ncp15ChangedPropsSet13GetNumEntriesEv)
                  0000a3cc    00000004     spinel_buffer.o (.text._ZNK2ot6Spinel6Buffer17InFrameGetLastTagEv)
                  0000a3d0    00000004     libc.a : pre_init.c.obj (.text._system_pre_init)
                  0000a3d4    00000004     ns_list.o (.text.ns_list_get_next_)
                  0000a3d8    00000004     message_api.o (.text.otMessageGetLength)
                  0000a3dc    00000004     misc.o (.text.otPlatGetResetReason)
                  0000a3e0    00000004     main_freertos.o (.text.vApplicationStackOverflowHook)
                  0000a3e4    00000004     libc.a : exit.c.obj (.text:abort)
                  0000a3e8    00000008     --HOLE-- [fill = 0]

.cinit     0    0000a7d0    000000e0     
                  0000a7d0    000000a5     (.cinit..data.load) [load image, compression = lzss]
                  0000a875    00000003     --HOLE-- [fill = 0]
                  0000a878    0000000c     (__TI_handler_table)
                  0000a884    00000008     (.cinit..bss.load) [load image, compression = zero_init]
                  0000a88c    00000008     (.cinit..vtable.load) [load image, compression = zero_init]
                  0000a894    00000018     (__TI_cinit_table)
                  0000a8ac    00000004     --HOLE-- [fill = 0]

.rodata    0    0000a3f0    000003e0     
                  0000a3f0    00000200     hdlc.o (.rodata._ZZN2ot4HdlcL9UpdateFcsEthE9sFcsTable)
                  0000a5f0    0000005c     ncp_base.o (.rodata..Lswitch.table._ZN2ot3Ncp7NcpBase13HandleReceiveEPKht)
                  0000a64c    00000034     ns_hal_init.o (.rodata.str1.105468523186648572851)
                  0000a680    00000030     drivers_mspm0g1x0x_g3x0x.a : DMAMSPM0.o (.rodata.DMA_Ch_defaultParams)
                  0000a6b0    0000002a     libc.a : aeabi_portable.c.obj (.rodata.str1.107213337612772894731)
                  0000a6da    00000002     freertos_builds_LP_MSPM0G3507_release_ticlang.lib : pthread.o (.rodata.str1.108640168537074937971)
                  0000a6dc    00000024     ti_drivers_config.o (.rodata.UARTMSPHWAttrs)
                  0000a700    00000024     drivers_mspm0g1x0x_g3x0x.a : UARTMSPM0G1X0X_G3X0X.o (.rodata.UART_defaultParams)
                  0000a724    00000024     changed_props_set.o (.rodata._ZN2ot3Ncp15ChangedPropsSet15mSupportedPropsE)
                  0000a748    0000001c     drivers_mspm0g1x0x_g3x0x.a : UARTMSPM0G1X0X_G3X0X.o (.rodata..Lswitch.table.UARTMSP_enable)
                  0000a764    00000018     libc.a : aeabi_portable.c.obj (.rodata.str1.6425592453596292381)
                  0000a77c    00000014     drivers_mspm0g1x0x_g3x0x.a : UARTMSPM0G1X0X_G3X0X.o (.rodata.UARTMSPSupportFxns)
                  0000a790    00000011     libc.a : _printfi.c.obj (.rodata.str1.44690500295887128011)
                  0000a7a1    00000001     ti_drivers_config.o (.rodata.CONFIG_UART_0)
                  0000a7a2    00000001     ti_drivers_config.o (.rodata.UART_count)
                  0000a7a3    00000001     --HOLE-- [fill = 0]
                  0000a7a4    00000008     drivers_mspm0g1x0x_g3x0x.a : DMAMSPM0.o (.rodata.DMAMSPM0_Config)
                  0000a7ac    00000008     ti_drivers_config.o (.rodata.UART_config)
                  0000a7b4    00000008     freertos_builds_LP_MSPM0G3507_release_ticlang.lib : timers.o (.rodata.str1.7086561930338339101)
                  0000a7bc    00000005     ns_hal_init.o (.rodata.str1.12723779355037633861)
                  0000a7c1    00000005     freertos_builds_LP_MSPM0G3507_release_ticlang.lib : tasks.o (.rodata.str1.143573461539470363241)
                  0000a7c6    00000002     --HOLE-- [fill = 0]
                  0000a7c8    00000004     spinel_buffer.o (.rodata._ZN2ot6Spinel6Buffer11kInvalidTagE)
                  0000a7cc    00000004     freertos_builds_LP_MSPM0G3507_release_ticlang.lib : tasks.o (.rodata.uxTopUsedPriority)

.init_array 
*          0    00000000    00000000     UNINITIALIZED

.binit     0    00000000    00000000     

.vtable    0    20205800    000000c0     UNINITIALIZED
                  20205800    000000c0     driverlib.a : dl_interrupt.o (.vtable)

.bss       0    20200000    00005370     UNINITIALIZED
                  20200000    00002711     mesh_system.o (.bss.app_stack_heap)
                  20202711    00000c00     freertos_builds_LP_MSPM0G3507_release_ticlang.lib : heap_4.o (.bss.ucHeap)
                  20203311    00000001     ns_hal_init.o (.bss.ns_hal_init.initted)
                  20203312    00000001     (.common:rxBuffer)
                  20203313    00000001     (.common:txBuffer)
                  20203314    00000004     uart.o (.bss.PlatformUart_receiveLen)
                  20203318    00000a18     instance.o (.bss._ZN2ot12gInstanceRawE)
                  20203d30    00000930     ncp_uart.o (.bss._ZN2ot3NcpL7sNcpRawE)
                  20204660    00000200     freertos_builds_LP_MSPM0G3507_release_ticlang.lib : StaticAllocs_freertos.o (.bss.vApplicationGetIdleTaskMemory.uxIdleTaskStack)
                  20204860    00000200                                                       : StaticAllocs_freertos.o (.bss.vApplicationGetTimerTaskMemory.uxTimerTaskStack)
                  20204a60    00000120     libsysbm.a : trgmsg.c.obj (.bss:_CIOBUF_)
                  20204b80    00000118     event.o (.bss.startup_event_pool)
                  20204c98    000000f0     freertos_builds_LP_MSPM0G3507_release_ticlang.lib : timers.o (.bss.prvCheckForValidListAndQueue.ucStaticTimerQueueStorage)
                  20204d88    000000d8     system_timer.o (.bss.startup_sys_timer_pool)
                  20204e60    000000c8     freertos_builds_LP_MSPM0G3507_release_ticlang.lib : tasks.o (.bss.pxReadyTasksLists)
                  20204f28    000000a0     libc.a : defs.c.obj (.bss.__TI_tmpnams)
                  20204fc8    00000080     uart.o (.bss.PlatformUart_receiveBuffer)
                  20205048    00000064     freertos_builds_LP_MSPM0G3507_release_ticlang.lib : StaticAllocs_freertos.o (.bss.vApplicationGetIdleTaskMemory.xIdleTaskTCB)
                  202050ac    00000064                                                       : StaticAllocs_freertos.o (.bss.vApplicationGetTimerTaskMemory.xTimerTaskTCB)
                  20205110    00000050                                                       : timers.o (.bss.prvCheckForValidListAndQueue.xStaticTimerQueue)
                  20205160    00000044     arm_hal_timer.o (.bss.hal_timer_struct)
                  202051a4    00000030     drivers_mspm0g1x0x_g3x0x.a : UARTMSPM0G1X0X_G3X0X.o (.bss.DMATransfer)
                  202051d4    0000001c                                : DMAMSPM0.o (.bss.hwiFxnArgs)
                  202051f0    0000001c                                : DMAMSPM0.o (.bss.hwiFxnHandlers)
                  2020520c    0000001c     (.common:event_thread_sem_handle)
                  20205228    0000001c     (.common:ns_event_mutex_handle)
                  20205244    00000018                                : UARTMSPM0G1X0X_G3X0X.o (.bss.dlDMACfg)
                  2020525c    00000018     (.common:default_stats)
                  20205274    00000018     (.common:memory_heap_stat)
                  2020528c    00000014     freertos_builds_LP_MSPM0G3507_release_ticlang.lib : timers.o (.bss.xActiveTimerList1)
                  202052a0    00000014                                                       : timers.o (.bss.xActiveTimerList2)
                  202052b4    00000014                                                       : tasks.o (.bss.xDelayedTaskList1)
                  202052c8    00000014                                                       : tasks.o (.bss.xDelayedTaskList2)
                  202052dc    00000014                                                       : tasks.o (.bss.xPendingReadyList)
                  202052f0    00000014                                                       : tasks.o (.bss.xSuspendedTaskList)
                  20205304    00000014                                                       : tasks.o (.bss.xTasksWaitingTermination)
                  20205318    00000008     libsysbm.a : hostopen.c.obj (.bss.parmbuf)
                  20205320    00000008     freertos_builds_LP_MSPM0G3507_release_ticlang.lib : heap_4.o (.bss.xStart)
                  20205328    00000004     uart.o (.bss.PlatformUart_uartHandle)
                  2020532c    00000004     drivers_mspm0g1x0x_g3x0x.a : UARTMSPM0G1X0X_G3X0X.o (.bss.UARTMSP_interruptHandler.dstAddr)
                  20205330    00000004                                : UART.o (.bss.UART_writeCallback.dstAddr)
                  20205334    00000004     arm_hal_timer.o (.bss.arm_hal_callback)
                  20205338    00000004     arm_hal_timer.o (.bss.clockStartTime)
                  2020533c    00000004     arm_hal_timer.o (.bss.hal_timer)
                  20205340    00000004     drivers_mspm0g1x0x_g3x0x.a : DMAMSPM0.o (.bss.hwiHandle)
                  20205344    00000004     freertos_builds_LP_MSPM0G3507_release_ticlang.lib : aeabi_portable.o (.bss.main_reent)
                  20205348    00000004                                                       : timers.o (.bss.pxCurrentTimerList)
                  2020534c    00000004                                                       : tasks.o (.bss.pxDelayedTaskList)
                  20205350    00000004                                                       : tasks.o (.bss.pxOverflowDelayedTaskList)
                  20205354    00000004                                                       : timers.o (.bss.pxOverflowTimerList)
                  20205358    00000004     system_timer.o (.bss.tick_timer_callback)
                  2020535c    00000004     system_timer.o (.bss.timer_sys_ticks)
                  20205360    00000004     (.common:default_book)
                  20205364    00000004     (.common:event_mutex_owner_id)
                  20205368    00000004     (.common:event_thread_id)
                  2020536c    00000004     (.common:key)

.data      0    20205370    00000401     UNINITIALIZED
                  20205370    000000f0     libc.a : defs.c.obj (.data._ftable)
                  20205460    000000c0     freertos_builds_LP_MSPM0G3507_release_ticlang.lib : HwiPMSPM0_freertos.o (.data.HwiP_dispatchTable)
                  20205520    00000098     ti_drivers_config.o (.data.UARTObject)
                  202055b8    00000078     libsysbm.a : host_device.c.obj (.data._device)
                  20205630    00000050                : host_device.c.obj (.data._stream)
                  20205680    00000014     freertos_builds_LP_MSPM0G3507_release_ticlang.lib : pthread.o (.data.defaultPthreadAttrs)
                  20205694    00000008     libc.a : exit.c.obj (.data..L_MergedGlobals)
                  2020569c    00000008     event.o (.data.arm_core_tasklet_list)
                  202056a4    00000008     event.o (.data.event_queue_active)
                  202056ac    00000008     event.o (.data.free_event_entry)
                  202056b4    00000008     ns_timer.o (.data.ns_timer_list)
                  202056bc    00000008     system_timer.o (.data.system_timer_free)
                  202056c4    00000008     system_timer.o (.data.system_timer_list)
                  202056cc    00000004     freertos_builds_LP_MSPM0G3507_release_ticlang.lib : HwiPMSPM0_freertos.o (.data.HwiP_swiPIntNum)
                  202056d0    00000004     uartecho.o (.data.OtStack_instance)
                  202056d4    00000004     uart.o (.data.PlatformUart_sendBuffer)
                  202056d8    00000004     ncp_base.o (.data._ZN2ot3Ncp7NcpBase12sNcpInstanceE)
                  202056dc    00000004     libc.a : defs.c.obj (.data.__TI_ft_end)
                  202056e0    00000004            : _lock.c.obj (.data._lock)
                  202056e4    00000004            : _lock.c.obj (.data._unlock)
                  202056e8    00000004     drivers_mspm0g1x0x_g3x0x.a : DMAMSPM0.o (.data.chTransferSet)
                  202056ec    00000004                                : DMAMSPM0.o (.data.channelsInUse)
                  202056f0    00000004                                : DMAMSPM0.o (.data.dmaIntRefCount)
                  202056f4    00000004                                : DMAMSPM0.o (.data.interruptSetupLock)
                  202056f8    00000004     ns_event_loop_mutex.o (.data.owner_count)
                  202056fc    00000004     freertos_builds_LP_MSPM0G3507_release_ticlang.lib : timers.o (.data.prvSampleTimeNow.xLastTime)
                  20205700    00000004                                                       : tasks.o (.data.pxCurrentTCB)
                  20205704    00000004                                                       : heap_4.o (.data.pxEnd)
                  20205708    00000004                                                       : ClockP_freertos.o (.data.ticksToWait)
                  2020570c    00000004                                                       : port.o (.data.ulStoppedTimerCompensation)
                  20205710    00000004                                                       : port.o (.data.ulTimerCountsForOneTick)
                  20205714    00000004                                                       : port.o (.data.uxCriticalNesting)
                  20205718    00000004                                                       : tasks.o (.data.uxCurrentNumberOfTasks)
                  2020571c    00000004                                                       : tasks.o (.data.uxDeletedTasksWaitingCleanUp)
                  20205720    00000004                                                       : tasks.o (.data.uxSchedulerSuspended)
                  20205724    00000004                                                       : tasks.o (.data.uxTaskNumber)
                  20205728    00000004                                                       : tasks.o (.data.uxTopReadyPriority)
                  2020572c    00000004                                                       : heap_4.o (.data.xBlockAllocatedBit)
                  20205730    00000004                                                       : heap_4.o (.data.xFreeBytesRemaining)
                  20205734    00000004                                                       : tasks.o (.data.xIdleTaskHandle)
                  20205738    00000004                                                       : port.o (.data.xMaximumPossibleSuppressedTicks)
                  2020573c    00000004                                                       : heap_4.o (.data.xMinimumEverFreeBytesRemaining)
                  20205740    00000004                                                       : tasks.o (.data.xNextTaskUnblockTime)
                  20205744    00000004                                                       : tasks.o (.data.xNumOfOverflows)
                  20205748    00000004                                                       : heap_4.o (.data.xNumberOfSuccessfulAllocations)
                  2020574c    00000004                                                       : heap_4.o (.data.xNumberOfSuccessfulFrees)
                  20205750    00000004                                                       : tasks.o (.data.xPendedTicks)
                  20205754    00000004                                                       : tasks.o (.data.xSchedulerRunning)
                  20205758    00000004                                                       : tasks.o (.data.xTickCount)
                  2020575c    00000004                                                       : timers.o (.data.xTimerQueue)
                  20205760    00000004                                                       : timers.o (.data.xTimerTaskHandle)
                  20205764    00000004                                                       : tasks.o (.data.xYieldPending)
                  20205768    00000001     ncp_base.o (.data._ZN2ot3Ncp12mcu_host_tidE)
                  20205769    00000001     event.o (.data.curr_tasklet)
                  2020576a    00000001     drivers_mspm0g1x0x_g3x0x.a : DMAMSPM0.o (.data.dmaInitialized)
                  2020576b    00000001     mesh_system.o (.data.mesh_initialized)
                  2020576c    00000001     uartecho.o (.data.ncp_tasklet_id)
                  2020576d    00000001     ns_timer.o (.data.ns_timer_initialized)
                  2020576e    00000001     ns_timer.o (.data.ns_timer_state)
                  2020576f    00000001     arm_hal_timer.o (.data.platform_timer_enable.initialized)
                  20205770    00000001     system_timer.o (.data.tick_timer_id)

.stack     0    20207e00    00000200     UNINITIALIZED
                  20207e00    00000004     libc.a : boot_cortex_m.c.obj (.stack)
                  20207e04    000001fc     --HOLE--

__llvm_prf_cnts 
*          0    20200000    00000000     UNINITIALIZED

__llvm_prf_bits 
*          0    20200000    00000000     UNINITIALIZED

MODULE SUMMARY

       Module                         code    ro data   rw data
       ------                         ----    -------   -------
    .\
       ti_drivers_config.o            230     46        152    
       uartecho.o                     320     0         5      
       main_freertos.o                92      0         2      
    +--+------------------------------+-------+---------+---------+
       Total:                         642     46        159    
                                                               
    .\freertos\ticlang\
       startup_mspm0g3507_ticlang.o   62      192       0      
    +--+------------------------------+-------+---------+---------+
       Total:                         62      192       0      
                                                               
    .\mbed\frameworks\nanostack-libservice\source\libList\
       ns_list.o                      160     0         0      
    +--+------------------------------+-------+---------+---------+
       Total:                         160     0         0      
                                                               
    .\mbed\frameworks\nanostack-libservice\source\nsdynmemLIB\
       nsdynmemLIB.o                  1228    0         28     
    +--+------------------------------+-------+---------+---------+
       Total:                         1228    0         28     
                                                               
    .\mbed\nanostack-hal-mbed-cmsis-rtos\
       arm_hal_timer.o                236     0         81     
       ns_event_loop.o                162     0         32     
       ns_hal_init.o                  108     57        1      
       ns_event_loop_mutex.o          108     0         36     
       arm_hal_interrupt.o            34      0         4      
    +--+------------------------------+-------+---------+---------+
       Total:                         648     57        154    
                                                               
    .\mbed\nanostack\mbed-mesh-api\source\
       mesh_system.o                  50      0         10026  
    +--+------------------------------+-------+---------+---------+
       Total:                         50      0         10026  
                                                               
    .\mbed\nanostack\sal-stack-nanostack-eventloop\source\
       event.o                        1042    0         305    
       ns_timer.o                     756     0         10     
       system_timer.o                 416     0         241    
    +--+------------------------------+-------+---------+---------+
       Total:                         2214    0         556    
                                                               
    .\wisun_ncp\platform\
       uart.o                         272     0         140    
       misc.o                         8       0         0      
    +--+------------------------------+-------+---------+---------+
       Total:                         280     0         140    
                                                               
    .\wisun_ncp\src\core\api\
       message_api.o                  100     0         0      
       instance_api.o                 16      0         0      
    +--+------------------------------+-------+---------+---------+
       Total:                         116     0         0      
                                                               
    .\wisun_ncp\src\core\common\
       instance.o                     68      0         2584   
       message.o                      774     0         0      
       tasklet.o                      6       0         0      
    +--+------------------------------+-------+---------+---------+
       Total:                         848     0         2584   
                                                               
    .\wisun_ncp\src\lib\hdlc\
       hdlc.o                         764     512       0      
    +--+------------------------------+-------+---------+---------+
       Total:                         764     512       0      
                                                               
    .\wisun_ncp\src\lib\spinel\
       spinel_buffer.o                4196    4         0      
       spinel_encoder.o               362     0         0      
       spinel.o                       266     0         0      
       spinel_decoder.o               192     0         0      
    +--+------------------------------+-------+---------+---------+
       Total:                         5016    4         0      
                                                               
    .\wisun_ncp\src\ncp\
       ncp_base.o                     3098    92        5      
       ncp_uart.o                     538     0         2352   
       changed_props_set.o            50      36        0      
    +--+------------------------------+-------+---------+---------+
       Total:                         3686    128       2357   
                                                               
    C:/Users/a0225881/workspace_v12/freertos_builds_LP_MSPM0G3507_release_ticlang/Debug/freertos_builds_LP_MSPM0G3507_release_ticlang.lib
       tasks.o                        4906    9         360    
       heap_4.o                       972     0         3104   
       queue.o                        3558    0         0      
       timers.o                       1776    8         380    
       StaticAllocs_freertos.o        80      0         1224   
       HwiPMSPM0_freertos.o           806     0         196    
       port.o                         936     0         16     
       pthread.o                      914     2         20     
       ClockP_freertos.o              660     0         4      
       list.o                         296     0         0      
       memory.o                       258     0         0      
       SemaphoreP_freertos.o          254     0         0      
       semaphore.o                    250     0         0      
       PTLS.o                         88      0         0      
       aeabi_portable.o               84      0         4      
       sched.o                        10      0         0      
    +--+------------------------------+-------+---------+---------+
       Total:                         15848   19        5308   
                                                               
    C:/ti/mspm0_sdk_1_30_00_03/source/ti/driverlib/lib/ticlang/m0p/mspm0g1x0x_g3x0x/driverlib.a
       dl_interrupt.o                 164     0         192    
       dl_uart.o                      218     0         0      
       dl_dma.o                       76      0         0      
       dl_sysctl_mspm0g1x0x_g3x0x.o   56      0         0      
       dl_common.o                    10      0         0      
    +--+------------------------------+-------+---------+---------+
       Total:                         524     0         192    
                                                               
    C:/ti/mspm0_sdk_1_30_00_03/source/ti/drivers/lib/ticlang/m0p/drivers_mspm0g1x0x_g3x0x.a
       UARTMSPM0G1X0X_G3X0X.o         2340    84        76     
       DMAMSPM0.o                     1328    56        77     
       RingBuf.o                      962     0         0      
       UART.o                         944     0         4      
    +--+------------------------------+-------+---------+---------+
       Total:                         5574    140       157    
                                                               
    C:\ti\ccs1270\ccs\tools\compiler\ti-cgt-armllvm_3.2.1.LTS\lib\armv6m-ti-none-eabi/c/libc.a
       _printfi.c.obj                 658     17        0      
       defs.c.obj                     0       0         404    
       fputs.c.obj                    260     0         0      
       setvbuf.c.obj                  220     0         0      
       fflush.c.obj                   178     0         0      
       getdevice.c.obj                160     0         0      
       memcpy16.S.obj                 154     0         0      
       aeabi_portable.c.obj           82      66        0      
       fclose.c.obj                   124     0         0      
       copy_decompress_lzss.c.obj     120     0         0      
       fseek.c.obj                    116     0         0      
       _io_perm.c.obj                 100     0         0      
       memset16.S.obj                 98      0         0      
       sprintf.c.obj                  90      0         0      
       exit.c.obj                     56      0         8      
       autoinit.c.obj                 60      0         0      
       boot_cortex_m.c.obj            56      0         0      
       fopen.c.obj                    52      0         0      
       memccpy.c.obj                  34      0         0      
       assert.c.obj                   24      0         0      
       copy_decompress_none.c.obj     18      0         0      
       copy_zero_init.c.obj           16      0         0      
       _lock.c.obj                    2       0         8      
       pre_init.c.obj                 4       0         0      
    +--+------------------------------+-------+---------+---------+
       Total:                         2682    83        420    
                                                               
    C:\ti\ccs1270\ccs\tools\compiler\ti-cgt-armllvm_3.2.1.LTS\lib\armv6m-ti-none-eabi/c/libsysbm.a
       trgmsg.c.obj                   104     0         288    
       host_device.c.obj              0       0         200    
       hostrename.c.obj               140     0         0      
       hostlseek.c.obj                108     0         0      
       hostopen.c.obj                 96      0         8      
       hostread.c.obj                 88      0         0      
       hostwrite.c.obj                88      0         0      
       close.c.obj                    80      0         0      
       hostclose.c.obj                72      0         0      
       hostunlink.c.obj               72      0         0      
       unlink.c.obj                   44      0         0      
       lseek.c.obj                    40      0         0      
       write.c.obj                    40      0         0      
       remove.c.obj                   8       0         0      
    +--+------------------------------+-------+---------+---------+
       Total:                         980     0         496    
                                                               
    C:\ti\ccs1270\ccs\tools\compiler\ti-cgt-armllvm_3.2.1.LTS\lib\clang/15.0.7/lib/armv6m-ti-none-eabi/libclang_rt.builtins.a
       udivmoddi4.S.obj               162     0         0      
       aeabi_uidivmod.S.obj           64      0         0      
       muldsi3.S.obj                  58      0         0      
       muldi3.S.obj                   36      0         0      
       ashldi3.S.obj                  30      0         0      
       aeabi_memset.S.obj             26      0         0      
       aeabi_uldivmod.S.obj           20      0         0      
       aeabi_memcpy.S.obj             8       0         0      
       aeabi_div0.c.obj               4       0         0      
    +--+------------------------------+-------+---------+---------+
       Total:                         408     0         0      
                                                               
       Stack:                         0       0         512    
       Linker Generated:              0       217       0      
    +--+------------------------------+-------+---------+---------+
       Grand Total:                   41730   1398      23089  


LINKER GENERATED COPY TABLES

__TI_cinit_table @ 0000a894 records: 3, size/record: 8, table size: 24
	.data: load addr=0000a7d0, load size=000000a5 bytes, run addr=20205370, run size=00000401 bytes, compression=lzss
	.bss: load addr=0000a884, load size=00000008 bytes, run addr=20200000, run size=00005370 bytes, compression=zero_init
	.vtable: load addr=0000a88c, load size=00000008 bytes, run addr=20205800, run size=000000c0 bytes, compression=zero_init


LINKER GENERATED HANDLER TABLE

__TI_handler_table @ 0000a878 records: 3, size/record: 4, table size: 12
	index: 0, handler: __TI_zero_init
	index: 1, handler: __TI_decompress_lzss
	index: 2, handler: __TI_decompress_none


FAR CALL TRAMPOLINES

callee name               trampoline name
   callee addr  tramp addr   call addr  call info
--------------  -----------  ---------  ----------------
_c_int00_noargs           $Tramp$TT$L$PI$$_c_int00_noargs
   000099b5     0000a3b8     0000a3b4   startup_mspm0g3507_ticlang.o (.text.Reset_Handler)

[1 trampolines]
[1 trampoline calls]


GLOBAL SYMBOLS: SORTED ALPHABETICALLY BY Name 

address   name                                                                                    
-------   ----                                                                                    
00000d67  ADC0_IRQHandler                                                                         
00000d67  ADC1_IRQHandler                                                                         
00000d67  AES_IRQHandler                                                                          
0000a3e4  C$$EXIT                                                                                 
000091b1  C$$IO$$                                                                                 
00000d67  CANFD0_IRQHandler                                                                       
0000a7a1  CONFIG_UART_0                                                                           
00009f41  ClockP_Params_init                                                                      
000089c9  ClockP_callbackFxn                                                                      
00005789  ClockP_construct                                                                        
0000a391  ClockP_getSystemTickPeriod                                                              
00009a9b  ClockP_getSystemTicks                                                                   
000099dd  ClockP_getTimeout                                                                       
00009355  ClockP_isActive                                                                         
00009faf  ClockP_setTimeout                                                                       
0000975d  ClockP_start                                                                            
00007e51  ClockP_stop                                                                             
00000d67  DAC0_IRQHandler                                                                         
[...]
0000989d  platformNcpSendCmdSignal                                                                
000098c5  platformUartSignal                                                                      
0000993d  vApplicationGetIdleTaskMemory                                                           
00009965  vApplicationGetTimerTaskMemory                                                          
0000998d  write                                                                                   
000099b5  _c_int00_noargs                                                                         
000099dd  ClockP_getTimeout                                                                       
00009a03  RingBuf_getPointer                                                                      
00009a29  UART_read                                                                               
00009a4f  UART_write                                                                              
00009a75  eventOS_scheduler_run                                                                   
00009a9b  ClockP_getSystemTicks                                                                   
00009abf  HwiP_Params_init                                                                        
00009ae5  HwiP_restore                                                                            
00009b09  PTLS_taskDeleteHook                                                                     
00009b2d  __aeabi_lmul                                                                            
00009b2d  __muldi3                                                                                
00009b51  otPlatUartSendDone                                                                      
00009b75  _ZN2ot6Spinel7Encoder15WriteUintPackedEj                                                
00009b97  memccpy                                                                                 
00009bb9  xTimerGetExpiryTime                                                                     
00009bdb  HardFault_Handler                                                                       
00009bfb  HwiP_destruct                                                                           
00009c1d  SYSCFG_DL_SYSCTL_CLK_init                                                               
00009c3d  ns_list_remove_                                                                         
00009c5d  pvTaskIncrementMutexHeldCount                                                           
00009c7d  vTaskInternalSetTimeOutState                                                            
00009c9d  __aeabi_llsl                                                                            
00009c9d  __ashldi3                                                                               
00009cd9  otPlatUartReceived                                                                      
00009d15  sem_wait                                                                                
00009d35  _ZN2ot3Ncp7NcpUart27HandleFrameAddedToNcpBufferEPvPKvNS_6Spinel6Buffer8PriorityEPS6_    
00009d51  _ZN2ot6Spinel7Decoder9ReadUint8ERh                                                      
00009d6d  pthread_attr_init                                                                       
00009d89  PTLS_getBuf                                                                             
00009da3  PTLS_setBuf                                                                             
00009dbd  _ZN2ot6Spinel7Decoder12ResetToSavedEv                                                   
00009dd9  SYSCFG_DL_GPIO_init                                                                     
00009df1  UART_Params_init                                                                        
00009e09  _ZNK2ot6Spinel6Buffer7IsEmptyEv                                                         
00009e21  _abort_msg                                                                              
00009e51  eventOS_scheduler_idle                                                                  
00009e69  ns_dyn_mem_alloc                                                                        
00009e81  ns_event_loop_mutex_init                                                                
00009e99  ns_list_add_after_                                                                      
00009eb1  ns_list_add_to_start_                                                                   
00009ec9  prvGetRegistersFromStack                                                                
00009ee1  pthread_self                                                                            
00009ef9  vPortEnterCritical                                                                      
00009f11  vPortYield                                                                              
00009f29  xTaskGetTickCountFromISR                                                                
00009f41  ClockP_Params_init                                                                      
00009f57  HwiP_delete                                                                             
00009f6d  _ZN2ot3Ncp7NcpBase14ShouldWakeHostEv                                                    
00009f83  _ZN2ot3Ncp7NcpBase19ShouldDeferHostSendEv                                               
00009f99  _ZN2ot6Spinel7Decoder4InitEPKht                                                         
00009faf  ClockP_setTimeout                                                                       
00009fc5  DL_Interrupt_unregisterInterrupt                                                        
00009fd9  HwiP_disableInterrupt                                                                   
00009fed  HwiP_enableInterrupt                                                                    
0000a001  SYSCFG_DL_init                                                                          
0000a015  __aeabi_uldivmod                                                                        
0000a029  aligned_alloc                                                                           
0000a051  ns_dyn_mem_free                                                                         
0000a065  ns_dyn_mem_temporary_alloc                                                              
0000a0a1  xTaskGetCurrentTaskHandle                                                               
0000a0b5  xTaskGetTickCount                                                                       
0000a0c9  DL_UART_setClockConfig                                                                  
0000a0db  _ZN2ot6Spinel6Buffer16OutFrameHasEndedEv                                                
0000a0ed  ns_list_add_to_end_                                                                     
0000a0ff  ns_list_get_previous_                                                                   
0000a111  pthread_attr_setstacksize                                                               
0000a135  __TI_decompress_none                                                                    
0000a149  DMAMSPM0_getCurrTransferSize                                                            
0000a159  SemaphoreP_delete                                                                       
0000a169  UART0_IRQHandler                                                                        
0000a179  _ZN2ot4Hdlc7DecoderC1ERNS0_17FrameWritePointerEPFvPv7otErrorES4_                        
0000a179  _ZN2ot4Hdlc7DecoderC2ERNS0_17FrameWritePointerEPFvPv7otErrorES4_                        
0000a189  eventOS_scheduler_signal                                                                
0000a199  free                                                                                    
0000a1a9  ns_list_add_before_                                                                     
0000a1b9  ns_list_get_last_                                                                       
0000a1c9  platform_enter_critical                                                                 
0000a1d9  platform_exit_critical                                                                  
0000a1e9  vTaskSuspendAll                                                                         
0000a1f9  __TI_zero_init                                                                          
0000a209  RingBuf_construct                                                                       
0000a217  _ZN2ot6Spinel7Decoder12SavePositionEv                                                   
0000a225  _ZNK2ot12MessageQueue7GetHeadEv                                                         
0000a235  __aeabi_memset                                                                          
0000a235  __aeabi_memset4                                                                         
0000a235  __aeabi_memset8                                                                         
0000a243  otMessageRead                                                                           
0000a27b  vListInitialiseItem                                                                     
0000a289  _ZN2ot3Ncp7NcpBase14GetNcpInstanceEv                                                    
0000a295  _ZN2ot3Ncp7NcpBase26IncrementFrameErrorCounterEv                                        
0000a2a1  _ZN2ot6Spinel7DecoderC1Ev                                                               
0000a2a1  _ZN2ot6Spinel7DecoderC2Ev                                                               
0000a2ad  __aeabi_memclr                                                                          
0000a2ad  __aeabi_memclr4                                                                         
0000a2ad  __aeabi_memclr8                                                                         
0000a2b9  eventOS_event_send_timer_allocated                                                      
0000a2c5  memalign                                                                                
0000a2d1  platformNcpSendProcess                                                                  
0000a2dd  platform_timer_set_cb                                                                   
0000a2e9  realloc                                                                                 
0000a2f5  vTaskMissedYield                                                                        
0000a30b  otMessageQueueEnqueue                                                                   
0000a315  sched_yield                                                                             
0000a31f  _ZN2ot4Hdlc7EncoderC1ERNS0_17FrameWritePointerE                                         
0000a31f  _ZN2ot4Hdlc7EncoderC2ERNS0_17FrameWritePointerE                                         
0000a327  _ZN2ot8Instance5ResetEv                                                                 
0000a331  __aeabi_memcpy                                                                          
0000a331  __aeabi_memcpy4                                                                         
0000a331  __aeabi_memcpy8                                                                         
0000a341  fseek                                                                                   
0000a349  ns_event_loop_init                                                                      
0000a351  ns_list_init_                                                                           
0000a359  otInstanceInitSingle                                                                    
0000a361  otInstanceReset                                                                         
0000a369  otMessageFree                                                                           
0000a371  otMessageQueueDequeue                                                                   
0000a379  otMessageQueueGetHead                                                                   
0000a381  remove                                                                                  
0000a389  ulSetInterruptMaskFromISR                                                               
0000a391  ClockP_getSystemTickPeriod                                                              
0000a397  _ZN2ot16TaskletSchedulerC1Ev                                                            
0000a397  _ZN2ot16TaskletSchedulerC2Ev                                                            
0000a39d  _ZN2ot6Spinel6Buffer21SetFrameAddedCallbackEPFvPvPKvNS1_8PriorityEPS1_ES2_              
0000a3a3  _ZN2ot6Spinel6Buffer23SetFrameRemovedCallbackEPFvPvPKvNS1_8PriorityEPS1_ES2_            
0000a3a9  otMessageQueueInit                                                                      
0000a3af  vClearInterruptMaskFromISR                                                              
0000a3b5  Reset_Handler                                                                           
0000a3c9  _ZNK2ot3Ncp15ChangedPropsSet13GetNumEntriesEv                                           
0000a3cd  _ZNK2ot6Spinel6Buffer17InFrameGetLastTagEv                                              
0000a3d1  _system_pre_init                                                                        
0000a3d5  ns_list_get_next_                                                                       
0000a3d9  otMessageGetLength                                                                      
0000a3dd  otPlatGetResetReason                                                                    
0000a3e1  vApplicationStackOverflowHook                                                           
0000a3e4  C$$EXIT                                                                                 
0000a3e5  abort                                                                                   
0000a680  DMA_Ch_defaultParams                                                                    
0000a700  UART_defaultParams                                                                      
0000a724  _ZN2ot3Ncp15ChangedPropsSet15mSupportedPropsE                                           
0000a77c  UARTMSPSupportFxns                                                                      
0000a7a1  CONFIG_UART_0                                                                           
0000a7a2  UART_count                                                                              
0000a7a4  DMAMSPM0_Config                                                                         
0000a7ac  UART_config                                                                             
0000a7c8  _ZN2ot6Spinel6Buffer11kInvalidTagE                                                      
0000a7cc  uxTopUsedPriority                                                                       
0000a878  __TI_Handler_Table_Base                                                                 
0000a884  __TI_Handler_Table_Limit                                                                
0000a894  __TI_CINIT_Base                                                                         
0000a8ac  __TI_CINIT_Limit                                                                        
0000a8ac  __TI_CINIT_Warm                                                                         
20200000  __start___llvm_prf_bits                                                                 
20200000  __start___llvm_prf_cnts                                                                 
20200000  __stop___llvm_prf_bits                                                                  
20200000  __stop___llvm_prf_cnts                                                                  
20203312  rxBuffer                                                                                
20203313  txBuffer                                                                                
20203318  _ZN2ot12gInstanceRawE                                                                   
20204a60  _CIOBUF_                                                                                
20204a60  __CIOBUF_                                                                               
20204f28  __TI_tmpnams                                                                            
2020520c  event_thread_sem_handle                                                                 
20205228  ns_event_mutex_handle                                                                   
2020525c  default_stats                                                                           
20205274  memory_heap_stat                                                                        
20205318  parmbuf                                                                                 
20205360  default_book                                                                            
20205364  event_mutex_owner_id                                                                    
20205368  event_thread_id                                                                         
2020536c  key                                                                                     
20205370  _ftable                                                                                 
20205520  UARTObject                                                                              
202055b8  _device                                                                                 
20205630  _stream                                                                                 
20205694  __TI_cleanup_ptr                                                                        
20205698  __TI_dtors_ptr                                                                          
202056cc  HwiP_swiPIntNum                                                                         
202056d0  OtStack_instance                                                                        
202056d8  _ZN2ot3Ncp7NcpBase12sNcpInstanceE                                                       
202056dc  __TI_ft_end                                                                             
202056e0  _lock                                                                                   
202056e4  _unlock                                                                                 
20205700  pxCurrentTCB                                                                            
20205768  _ZN2ot3Ncp12mcu_host_tidE                                                               
20205769  curr_tasklet                                                                            
2020576c  ncp_tasklet_id                                                                          
20207e00  __stack                                                                                 
20208000  __STACK_END                                                                             
ffffffff  __TI_pprof_out_hndl                                                                     
ffffffff  __TI_prof_data_size                                                                     
ffffffff  __TI_prof_data_start                                                                    
ffffffff  __binit__                                                                               
ffffffff  binit                                                                                   
UNDEFED   __mpu_init                                                                              
UNDEFED   _system_post_cinit                                                                      

[472 symbols]
