<?xml version="1.0" encoding="ISO-8859-1" ?>
<link_info>
   <banner>TI ARM Clang Linker PC v3.2.1.LTS</banner>
   <copyright>Copyright (c) 1996-2018 Texas Instruments Incorporated</copyright>
   <link_time>0x65eb4345</link_time>
   <link_errors>0x0</link_errors>
   <output_file>C:\Users\a0225881\workspace_v12\uart_echo_LP_MSPM0G3507_freertos_ticlang\Debug\uart_echo_LP_MSPM0G3507_freertos_ticlang.out</output_file>
   <entry_point>
      <name>_c_int00_noargs</name>
      <address>0x99b5</address>
   </entry_point>
   <input_file_list>
      <input_file id="fl-1">
         <path>C:\Users\a0225881\workspace_v12\uart_echo_LP_MSPM0G3507_freertos_ticlang\Debug\.\</path>
         <kind>object</kind>
         <file>main_freertos.o</file>
         <name>main_freertos.o</name>
      </input_file>
      <input_file id="fl-2">
         <path>C:\Users\a0225881\workspace_v12\uart_echo_LP_MSPM0G3507_freertos_ticlang\Debug\.\</path>
         <kind>object</kind>
         <file>ti_drivers_config.o</file>
         <name>ti_drivers_config.o</name>
      </input_file>
      <input_file id="fl-3">
         <path>C:\Users\a0225881\workspace_v12\uart_echo_LP_MSPM0G3507_freertos_ticlang\Debug\.\</path>
         <kind>object</kind>
         <file>uartecho.o</file>
         <name>uartecho.o</name>
      </input_file>
      <input_file id="fl-4">
         <path>C:\Users\a0225881\workspace_v12\uart_echo_LP_MSPM0G3507_freertos_ticlang\Debug\.\freertos\ticlang\</path>
         <kind>object</kind>
         <file>startup_mspm0g3507_ticlang.o</file>
         <name>startup_mspm0g3507_ticlang.o</name>
      </input_file>
      <input_file id="fl-5">
         <path>C:\Users\a0225881\workspace_v12\uart_echo_LP_MSPM0G3507_freertos_ticlang\Debug\.\mbed\frameworks\nanostack-libservice\source\IPv6_fcf_lib\</path>
         <kind>object</kind>
         <file>ip_fsc.o</file>
         <name>ip_fsc.o</name>
      </input_file>
      <input_file id="fl-6">
         <path>C:\Users\a0225881\workspace_v12\uart_echo_LP_MSPM0G3507_freertos_ticlang\Debug\.\mbed\frameworks\nanostack-libservice\source\libBits\</path>
         <kind>object</kind>
         <file>common_functions.o</file>
         <name>common_functions.o</name>
      </input_file>
      <input_file id="fl-7">
         <path>C:\Users\a0225881\workspace_v12\uart_echo_LP_MSPM0G3507_freertos_ticlang\Debug\.\mbed\frameworks\nanostack-libservice\source\libList\</path>
         <kind>object</kind>
         <file>ns_list.o</file>
         <name>ns_list.o</name>
      </input_file>
      <input_file id="fl-8">
         <path>C:\Users\a0225881\workspace_v12\uart_echo_LP_MSPM0G3507_freertos_ticlang\Debug\.\mbed\frameworks\nanostack-libservice\source\libip6string\</path>
         <kind>object</kind>
         <file>ip6tos.o</file>
         <name>ip6tos.o</name>
      </input_file>
      <input_file id="fl-9">
         <path>C:\Users\a0225881\workspace_v12\uart_echo_LP_MSPM0G3507_freertos_ticlang\Debug\.\mbed\frameworks\nanostack-libservice\source\libip6string\</path>
         <kind>object</kind>
         <file>stoip6.o</file>
         <name>stoip6.o</name>
      </input_file>
      <input_file id="fl-a">
         <path>C:\Users\a0225881\workspace_v12\uart_echo_LP_MSPM0G3507_freertos_ticlang\Debug\.\mbed\frameworks\nanostack-libservice\source\nsdynmemLIB\</path>
         <kind>object</kind>
         <file>nsdynmemLIB.o</file>
         <name>nsdynmemLIB.o</name>
      </input_file>
      <input_file id="fl-b">
         <path>C:\Users\a0225881\workspace_v12\uart_echo_LP_MSPM0G3507_freertos_ticlang\Debug\.\mbed\frameworks\nanostack-libservice\source\nsdynmemtracker\</path>
         <kind>object</kind>
         <file>nsdynmem_tracker_lib.o</file>
         <name>nsdynmem_tracker_lib.o</name>
      </input_file>
      <input_file id="fl-c">
         <path>C:\Users\a0225881\workspace_v12\uart_echo_LP_MSPM0G3507_freertos_ticlang\Debug\.\mbed\frameworks\nanostack-libservice\source\nvmHelper\</path>
         <kind>object</kind>
         <file>ns_nvm_helper.o</file>
         <name>ns_nvm_helper.o</name>
      </input_file>
      <input_file id="fl-d">
         <path>C:\Users\a0225881\workspace_v12\uart_echo_LP_MSPM0G3507_freertos_ticlang\Debug\.\mbed\nanostack\mbed-mesh-api\source\</path>
         <kind>object</kind>
         <file>mesh_system.o</file>
         <name>mesh_system.o</name>
      </input_file>
      <input_file id="fl-e">
         <path>C:\Users\a0225881\workspace_v12\uart_echo_LP_MSPM0G3507_freertos_ticlang\Debug\.\mbed\nanostack\sal-stack-nanostack-eventloop\source\</path>
         <kind>object</kind>
         <file>event.o</file>
         <name>event.o</name>
      </input_file>
      <input_file id="fl-f">
         <path>C:\Users\a0225881\workspace_v12\uart_echo_LP_MSPM0G3507_freertos_ticlang\Debug\.\mbed\nanostack\sal-stack-nanostack-eventloop\source\</path>
         <kind>object</kind>
         <file>ns_timeout.o</file>
         <name>ns_timeout.o</name>
      </input_file>
      <input_file id="fl-10">
         <path>C:\Users\a0225881\workspace_v12\uart_echo_LP_MSPM0G3507_freertos_ticlang\Debug\.\mbed\nanostack\sal-stack-nanostack-eventloop\source\</path>
         <kind>object</kind>
         <file>ns_timer.o</file>
         <name>ns_timer.o</name>
      </input_file>
      <input_file id="fl-11">
         <path>C:\Users\a0225881\workspace_v12\uart_echo_LP_MSPM0G3507_freertos_ticlang\Debug\.\mbed\nanostack\sal-stack-nanostack-eventloop\source\</path>
         <kind>object</kind>
         <file>system_timer.o</file>
         <name>system_timer.o</name>
      </input_file>
      <input_file id="fl-12">
         <path>C:\Users\a0225881\workspace_v12\uart_echo_LP_MSPM0G3507_freertos_ticlang\Debug\.\mbed\nanostack-hal-mbed-cmsis-rtos\</path>
         <kind>object</kind>
         <file>arm_hal_fhss_timer.o</file>
         <name>arm_hal_fhss_timer.o</name>
      </input_file>
      <input_file id="fl-13">
         <path>C:\Users\a0225881\workspace_v12\uart_echo_LP_MSPM0G3507_freertos_ticlang\Debug\.\mbed\nanostack-hal-mbed-cmsis-rtos\</path>
         <kind>object</kind>
         <file>arm_hal_interrupt.o</file>
         <name>arm_hal_interrupt.o</name>
      </input_file>
      <input_file id="fl-14">
         <path>C:\Users\a0225881\workspace_v12\uart_echo_LP_MSPM0G3507_freertos_ticlang\Debug\.\mbed\nanostack-hal-mbed-cmsis-rtos\</path>
         <kind>object</kind>
         <file>arm_hal_timer.o</file>
         <name>arm_hal_timer.o</name>
      </input_file>
      <input_file id="fl-15">
         <path>C:\Users\a0225881\workspace_v12\uart_echo_LP_MSPM0G3507_freertos_ticlang\Debug\.\mbed\nanostack-hal-mbed-cmsis-rtos\</path>
         <kind>object</kind>
         <file>ns_event_loop.o</file>
         <name>ns_event_loop.o</name>
      </input_file>
      <input_file id="fl-16">
         <path>C:\Users\a0225881\workspace_v12\uart_echo_LP_MSPM0G3507_freertos_ticlang\Debug\.\mbed\nanostack-hal-mbed-cmsis-rtos\</path>
         <kind>object</kind>
         <file>ns_event_loop_mutex.o</file>
         <name>ns_event_loop_mutex.o</name>
      </input_file>
      <input_file id="fl-17">
         <path>C:\Users\a0225881\workspace_v12\uart_echo_LP_MSPM0G3507_freertos_ticlang\Debug\.\mbed\nanostack-hal-mbed-cmsis-rtos\</path>
         <kind>object</kind>
         <file>ns_hal_init.o</file>
         <name>ns_hal_init.o</name>
      </input_file>
      <input_file id="fl-18">
         <path>C:\Users\a0225881\workspace_v12\uart_echo_LP_MSPM0G3507_freertos_ticlang\Debug\.\wisun_ncp\platform\</path>
         <kind>object</kind>
         <file>debug_uart.o</file>
         <name>debug_uart.o</name>
      </input_file>
      <input_file id="fl-19">
         <path>C:\Users\a0225881\workspace_v12\uart_echo_LP_MSPM0G3507_freertos_ticlang\Debug\.\wisun_ncp\platform\</path>
         <kind>object</kind>
         <file>misc.o</file>
         <name>misc.o</name>
      </input_file>
      <input_file id="fl-1a">
         <path>C:\Users\a0225881\workspace_v12\uart_echo_LP_MSPM0G3507_freertos_ticlang\Debug\.\wisun_ncp\platform\</path>
         <kind>object</kind>
         <file>uart.o</file>
         <name>uart.o</name>
      </input_file>
      <input_file id="fl-1b">
         <path>C:\Users\a0225881\workspace_v12\uart_echo_LP_MSPM0G3507_freertos_ticlang\Debug\.\wisun_ncp\src\core\api\</path>
         <kind>object</kind>
         <file>instance_api.o</file>
         <name>instance_api.o</name>
      </input_file>
      <input_file id="fl-1c">
         <path>C:\Users\a0225881\workspace_v12\uart_echo_LP_MSPM0G3507_freertos_ticlang\Debug\.\wisun_ncp\src\core\api\</path>
         <kind>object</kind>
         <file>logging_api.o</file>
         <name>logging_api.o</name>
      </input_file>
      <input_file id="fl-1d">
         <path>C:\Users\a0225881\workspace_v12\uart_echo_LP_MSPM0G3507_freertos_ticlang\Debug\.\wisun_ncp\src\core\api\</path>
         <kind>object</kind>
         <file>message_api.o</file>
         <name>message_api.o</name>
      </input_file>
      <input_file id="fl-1e">
         <path>C:\Users\a0225881\workspace_v12\uart_echo_LP_MSPM0G3507_freertos_ticlang\Debug\.\wisun_ncp\src\core\common\</path>
         <kind>object</kind>
         <file>crc16.o</file>
         <name>crc16.o</name>
      </input_file>
      <input_file id="fl-1f">
         <path>C:\Users\a0225881\workspace_v12\uart_echo_LP_MSPM0G3507_freertos_ticlang\Debug\.\wisun_ncp\src\core\common\</path>
         <kind>object</kind>
         <file>instance.o</file>
         <name>instance.o</name>
      </input_file>
      <input_file id="fl-20">
         <path>C:\Users\a0225881\workspace_v12\uart_echo_LP_MSPM0G3507_freertos_ticlang\Debug\.\wisun_ncp\src\core\common\</path>
         <kind>object</kind>
         <file>logging.o</file>
         <name>logging.o</name>
      </input_file>
      <input_file id="fl-21">
         <path>C:\Users\a0225881\workspace_v12\uart_echo_LP_MSPM0G3507_freertos_ticlang\Debug\.\wisun_ncp\src\core\common\</path>
         <kind>object</kind>
         <file>message.o</file>
         <name>message.o</name>
      </input_file>
      <input_file id="fl-22">
         <path>C:\Users\a0225881\workspace_v12\uart_echo_LP_MSPM0G3507_freertos_ticlang\Debug\.\wisun_ncp\src\core\common\</path>
         <kind>object</kind>
         <file>notifier.o</file>
         <name>notifier.o</name>
      </input_file>
      <input_file id="fl-23">
         <path>C:\Users\a0225881\workspace_v12\uart_echo_LP_MSPM0G3507_freertos_ticlang\Debug\.\wisun_ncp\src\core\common\</path>
         <kind>object</kind>
         <file>string.o</file>
         <name>string.o</name>
      </input_file>
      <input_file id="fl-24">
         <path>C:\Users\a0225881\workspace_v12\uart_echo_LP_MSPM0G3507_freertos_ticlang\Debug\.\wisun_ncp\src\core\common\</path>
         <kind>object</kind>
         <file>tasklet.o</file>
         <name>tasklet.o</name>
      </input_file>
      <input_file id="fl-25">
         <path>C:\Users\a0225881\workspace_v12\uart_echo_LP_MSPM0G3507_freertos_ticlang\Debug\.\wisun_ncp\src\core\common\</path>
         <kind>object</kind>
         <file>timer.o</file>
         <name>timer.o</name>
      </input_file>
      <input_file id="fl-26">
         <path>C:\Users\a0225881\workspace_v12\uart_echo_LP_MSPM0G3507_freertos_ticlang\Debug\.\wisun_ncp\src\core\common\</path>
         <kind>object</kind>
         <file>tlvs.o</file>
         <name>tlvs.o</name>
      </input_file>
      <input_file id="fl-27">
         <path>C:\Users\a0225881\workspace_v12\uart_echo_LP_MSPM0G3507_freertos_ticlang\Debug\.\wisun_ncp\src\lib\hdlc\</path>
         <kind>object</kind>
         <file>hdlc.o</file>
         <name>hdlc.o</name>
      </input_file>
      <input_file id="fl-28">
         <path>C:\Users\a0225881\workspace_v12\uart_echo_LP_MSPM0G3507_freertos_ticlang\Debug\.\wisun_ncp\src\lib\spinel\</path>
         <kind>object</kind>
         <file>spinel.o</file>
         <name>spinel.o</name>
      </input_file>
      <input_file id="fl-29">
         <path>C:\Users\a0225881\workspace_v12\uart_echo_LP_MSPM0G3507_freertos_ticlang\Debug\.\wisun_ncp\src\lib\spinel\</path>
         <kind>object</kind>
         <file>spinel_buffer.o</file>
         <name>spinel_buffer.o</name>
      </input_file>
      <input_file id="fl-2a">
         <path>C:\Users\a0225881\workspace_v12\uart_echo_LP_MSPM0G3507_freertos_ticlang\Debug\.\wisun_ncp\src\lib\spinel\</path>
         <kind>object</kind>
         <file>spinel_decoder.o</file>
         <name>spinel_decoder.o</name>
      </input_file>
      <input_file id="fl-2b">
         <path>C:\Users\a0225881\workspace_v12\uart_echo_LP_MSPM0G3507_freertos_ticlang\Debug\.\wisun_ncp\src\lib\spinel\</path>
         <kind>object</kind>
         <file>spinel_encoder.o</file>
         <name>spinel_encoder.o</name>
      </input_file>
      <input_file id="fl-2c">
         <path>C:\Users\a0225881\workspace_v12\uart_echo_LP_MSPM0G3507_freertos_ticlang\Debug\.\wisun_ncp\src\ncp\</path>
         <kind>object</kind>
         <file>changed_props_set.o</file>
         <name>changed_props_set.o</name>
      </input_file>
      <input_file id="fl-2d">
         <path>C:\Users\a0225881\workspace_v12\uart_echo_LP_MSPM0G3507_freertos_ticlang\Debug\.\wisun_ncp\src\ncp\</path>
         <kind>object</kind>
         <file>ncp_base.o</file>
         <name>ncp_base.o</name>
      </input_file>
      <input_file id="fl-2e">
         <path>C:\Users\a0225881\workspace_v12\uart_echo_LP_MSPM0G3507_freertos_ticlang\Debug\.\wisun_ncp\src\ncp\</path>
         <kind>object</kind>
         <file>ncp_base_dispatcher.o</file>
         <name>ncp_base_dispatcher.o</name>
      </input_file>
      <input_file id="fl-2f">
         <path>C:\Users\a0225881\workspace_v12\uart_echo_LP_MSPM0G3507_freertos_ticlang\Debug\.\wisun_ncp\src\ncp\</path>
         <kind>object</kind>
         <file>ncp_base_mtd.o</file>
         <name>ncp_base_mtd.o</name>
      </input_file>
      <input_file id="fl-30">
         <path>C:\Users\a0225881\workspace_v12\uart_echo_LP_MSPM0G3507_freertos_ticlang\Debug\.\wisun_ncp\src\ncp\</path>
         <kind>object</kind>
         <file>ncp_uart.o</file>
         <name>ncp_uart.o</name>
      </input_file>
      <input_file id="fl-3e">
         <path>C:\Users\a0225881\workspace_v12\uart_echo_LP_MSPM0G3507_freertos_ticlang\Debug\</path>
         <kind>object</kind>
         <file>&lt;internal&gt;</file>
         <name>&lt;internal&gt;</name>
      </input_file>
      <input_file id="fl-3f">
         <path>C:\ti\mspm0_sdk_1_30_00_03\source\ti\drivers\lib\ticlang\m0p\</path>
         <kind>archive</kind>
         <file>drivers_mspm0g1x0x_g3x0x.a</file>
         <name>UART.o</name>
      </input_file>
      <input_file id="fl-40">
         <path>C:\ti\mspm0_sdk_1_30_00_03\source\ti\drivers\lib\ticlang\m0p\</path>
         <kind>archive</kind>
         <file>drivers_mspm0g1x0x_g3x0x.a</file>
         <name>UARTMSPM0G1X0X_G3X0X.o</name>
      </input_file>
      <input_file id="fl-41">
         <path>C:\ti\mspm0_sdk_1_30_00_03\source\ti\drivers\lib\ticlang\m0p\</path>
         <kind>archive</kind>
         <file>drivers_mspm0g1x0x_g3x0x.a</file>
         <name>DMAMSPM0.o</name>
      </input_file>
      <input_file id="fl-42">
         <path>C:\ti\mspm0_sdk_1_30_00_03\source\ti\drivers\lib\ticlang\m0p\</path>
         <kind>archive</kind>
         <file>drivers_mspm0g1x0x_g3x0x.a</file>
         <name>RingBuf.o</name>
      </input_file>
      <input_file id="fl-43">
         <path>C:\Users\a0225881\workspace_v12\freertos_builds_LP_MSPM0G3507_release_ticlang\Debug\</path>
         <kind>archive</kind>
         <file>freertos_builds_LP_MSPM0G3507_release_ticlang.lib</file>
         <name>ClockP_freertos.o</name>
      </input_file>
      <input_file id="fl-44">
         <path>C:\Users\a0225881\workspace_v12\freertos_builds_LP_MSPM0G3507_release_ticlang\Debug\</path>
         <kind>archive</kind>
         <file>freertos_builds_LP_MSPM0G3507_release_ticlang.lib</file>
         <name>HwiPMSPM0_freertos.o</name>
      </input_file>
      <input_file id="fl-45">
         <path>C:\Users\a0225881\workspace_v12\freertos_builds_LP_MSPM0G3507_release_ticlang\Debug\</path>
         <kind>archive</kind>
         <file>freertos_builds_LP_MSPM0G3507_release_ticlang.lib</file>
         <name>SemaphoreP_freertos.o</name>
      </input_file>
      <input_file id="fl-46">
         <path>C:\Users\a0225881\workspace_v12\freertos_builds_LP_MSPM0G3507_release_ticlang\Debug\</path>
         <kind>archive</kind>
         <file>freertos_builds_LP_MSPM0G3507_release_ticlang.lib</file>
         <name>heap_4.o</name>
      </input_file>
      <input_file id="fl-47">
         <path>C:\Users\a0225881\workspace_v12\freertos_builds_LP_MSPM0G3507_release_ticlang\Debug\</path>
         <kind>archive</kind>
         <file>freertos_builds_LP_MSPM0G3507_release_ticlang.lib</file>
         <name>queue.o</name>
      </input_file>
      <input_file id="fl-48">
         <path>C:\Users\a0225881\workspace_v12\freertos_builds_LP_MSPM0G3507_release_ticlang\Debug\</path>
         <kind>archive</kind>
         <file>freertos_builds_LP_MSPM0G3507_release_ticlang.lib</file>
         <name>tasks.o</name>
      </input_file>
      <input_file id="fl-49">
         <path>C:\Users\a0225881\workspace_v12\freertos_builds_LP_MSPM0G3507_release_ticlang\Debug\</path>
         <kind>archive</kind>
         <file>freertos_builds_LP_MSPM0G3507_release_ticlang.lib</file>
         <name>timers.o</name>
      </input_file>
      <input_file id="fl-4a">
         <path>C:\Users\a0225881\workspace_v12\freertos_builds_LP_MSPM0G3507_release_ticlang\Debug\</path>
         <kind>archive</kind>
         <file>freertos_builds_LP_MSPM0G3507_release_ticlang.lib</file>
         <name>port.o</name>
      </input_file>
      <input_file id="fl-4b">
         <path>C:\Users\a0225881\workspace_v12\freertos_builds_LP_MSPM0G3507_release_ticlang\Debug\</path>
         <kind>archive</kind>
         <file>freertos_builds_LP_MSPM0G3507_release_ticlang.lib</file>
         <name>PTLS.o</name>
      </input_file>
      <input_file id="fl-4c">
         <path>C:\Users\a0225881\workspace_v12\freertos_builds_LP_MSPM0G3507_release_ticlang\Debug\</path>
         <kind>archive</kind>
         <file>freertos_builds_LP_MSPM0G3507_release_ticlang.lib</file>
         <name>aeabi_portable.o</name>
      </input_file>
      <input_file id="fl-4d">
         <path>C:\Users\a0225881\workspace_v12\freertos_builds_LP_MSPM0G3507_release_ticlang\Debug\</path>
         <kind>archive</kind>
         <file>freertos_builds_LP_MSPM0G3507_release_ticlang.lib</file>
         <name>memory.o</name>
      </input_file>
      <input_file id="fl-4e">
         <path>C:\Users\a0225881\workspace_v12\freertos_builds_LP_MSPM0G3507_release_ticlang\Debug\</path>
         <kind>archive</kind>
         <file>freertos_builds_LP_MSPM0G3507_release_ticlang.lib</file>
         <name>pthread.o</name>
      </input_file>
      <input_file id="fl-4f">
         <path>C:\Users\a0225881\workspace_v12\freertos_builds_LP_MSPM0G3507_release_ticlang\Debug\</path>
         <kind>archive</kind>
         <file>freertos_builds_LP_MSPM0G3507_release_ticlang.lib</file>
         <name>sched.o</name>
      </input_file>
      <input_file id="fl-50">
         <path>C:\Users\a0225881\workspace_v12\freertos_builds_LP_MSPM0G3507_release_ticlang\Debug\</path>
         <kind>archive</kind>
         <file>freertos_builds_LP_MSPM0G3507_release_ticlang.lib</file>
         <name>semaphore.o</name>
      </input_file>
      <input_file id="fl-51">
         <path>C:\Users\a0225881\workspace_v12\freertos_builds_LP_MSPM0G3507_release_ticlang\Debug\</path>
         <kind>archive</kind>
         <file>freertos_builds_LP_MSPM0G3507_release_ticlang.lib</file>
         <name>StaticAllocs_freertos.o</name>
      </input_file>
      <input_file id="fl-52">
         <path>C:\Users\a0225881\workspace_v12\freertos_builds_LP_MSPM0G3507_release_ticlang\Debug\</path>
         <kind>archive</kind>
         <file>freertos_builds_LP_MSPM0G3507_release_ticlang.lib</file>
         <name>list.o</name>
      </input_file>
      <input_file id="fl-53">
         <path>C:\Users\a0225881\workspace_v12\freertos_builds_LP_MSPM0G3507_release_ticlang\Debug\</path>
         <kind>archive</kind>
         <file>freertos_builds_LP_MSPM0G3507_release_ticlang.lib</file>
         <name>clock.o</name>
      </input_file>
      <input_file id="fl-54">
         <path>C:\ti\mspm0_sdk_1_30_00_03\source\ti\driverlib\lib\ticlang\m0p\mspm0g1x0x_g3x0x\</path>
         <kind>archive</kind>
         <file>driverlib.a</file>
         <name>dl_common.o</name>
      </input_file>
      <input_file id="fl-55">
         <path>C:\ti\mspm0_sdk_1_30_00_03\source\ti\driverlib\lib\ticlang\m0p\mspm0g1x0x_g3x0x\</path>
         <kind>archive</kind>
         <file>driverlib.a</file>
         <name>dl_dma.o</name>
      </input_file>
      <input_file id="fl-56">
         <path>C:\ti\mspm0_sdk_1_30_00_03\source\ti\driverlib\lib\ticlang\m0p\mspm0g1x0x_g3x0x\</path>
         <kind>archive</kind>
         <file>driverlib.a</file>
         <name>dl_uart.o</name>
      </input_file>
      <input_file id="fl-57">
         <path>C:\ti\mspm0_sdk_1_30_00_03\source\ti\driverlib\lib\ticlang\m0p\mspm0g1x0x_g3x0x\</path>
         <kind>archive</kind>
         <file>driverlib.a</file>
         <name>dl_interrupt.o</name>
      </input_file>
      <input_file id="fl-58">
         <path>C:\ti\mspm0_sdk_1_30_00_03\source\ti\driverlib\lib\ticlang\m0p\mspm0g1x0x_g3x0x\</path>
         <kind>archive</kind>
         <file>driverlib.a</file>
         <name>dl_sysctl_mspm0g1x0x_g3x0x.o</name>
      </input_file>
      <input_file id="fl-67">
         <path>C:\ti\ccs1270\ccs\tools\compiler\ti-cgt-armllvm_3.2.1.LTS\lib\armv6m-ti-none-eabi\c\</path>
         <kind>archive</kind>
         <file>libc.a</file>
         <name>sprintf.c.obj</name>
      </input_file>
      <input_file id="fl-68">
         <path>C:\ti\ccs1270\ccs\tools\compiler\ti-cgt-armllvm_3.2.1.LTS\lib\armv6m-ti-none-eabi\c\</path>
         <kind>archive</kind>
         <file>libc.a</file>
         <name>vsnprintf.c.obj</name>
      </input_file>
      <input_file id="fl-69">
         <path>C:\ti\ccs1270\ccs\tools\compiler\ti-cgt-armllvm_3.2.1.LTS\lib\armv6m-ti-none-eabi\c\</path>
         <kind>archive</kind>
         <file>libc.a</file>
         <name>aeabi_portable.c.obj</name>
      </input_file>
      <input_file id="fl-6a">
         <path>C:\ti\ccs1270\ccs\tools\compiler\ti-cgt-armllvm_3.2.1.LTS\lib\armv6m-ti-none-eabi\c\</path>
         <kind>archive</kind>
         <file>libc.a</file>
         <name>assert.c.obj</name>
      </input_file>
      <input_file id="fl-6b">
         <path>C:\ti\ccs1270\ccs\tools\compiler\ti-cgt-armllvm_3.2.1.LTS\lib\armv6m-ti-none-eabi\c\</path>
         <kind>archive</kind>
         <file>libc.a</file>
         <name>defs.c.obj</name>
      </input_file>
      <input_file id="fl-6c">
         <path>C:\ti\ccs1270\ccs\tools\compiler\ti-cgt-armllvm_3.2.1.LTS\lib\armv6m-ti-none-eabi\c\</path>
         <kind>archive</kind>
         <file>libc.a</file>
         <name>strtoul.c.obj</name>
      </input_file>
      <input_file id="fl-6d">
         <path>C:\ti\ccs1270\ccs\tools\compiler\ti-cgt-armllvm_3.2.1.LTS\lib\armv6m-ti-none-eabi\c\</path>
         <kind>archive</kind>
         <file>libc.a</file>
         <name>copy_zero_init.c.obj</name>
      </input_file>
      <input_file id="fl-6e">
         <path>C:\ti\ccs1270\ccs\tools\compiler\ti-cgt-armllvm_3.2.1.LTS\lib\armv6m-ti-none-eabi\c\</path>
         <kind>archive</kind>
         <file>libc.a</file>
         <name>copy_decompress_none.c.obj</name>
      </input_file>
      <input_file id="fl-6f">
         <path>C:\ti\ccs1270\ccs\tools\compiler\ti-cgt-armllvm_3.2.1.LTS\lib\armv6m-ti-none-eabi\c\</path>
         <kind>archive</kind>
         <file>libc.a</file>
         <name>copy_decompress_lzss.c.obj</name>
      </input_file>
      <input_file id="fl-70">
         <path>C:\ti\ccs1270\ccs\tools\compiler\ti-cgt-armllvm_3.2.1.LTS\lib\armv6m-ti-none-eabi\c\</path>
         <kind>archive</kind>
         <file>libc.a</file>
         <name>boot_cortex_m.c.obj</name>
      </input_file>
      <input_file id="fl-71">
         <path>C:\ti\ccs1270\ccs\tools\compiler\ti-cgt-armllvm_3.2.1.LTS\lib\armv6m-ti-none-eabi\c\</path>
         <kind>archive</kind>
         <file>libc.a</file>
         <name>mathacl_init.c.obj</name>
      </input_file>
      <input_file id="fl-72">
         <path>C:\ti\ccs1270\ccs\tools\compiler\ti-cgt-armllvm_3.2.1.LTS\lib\armv6m-ti-none-eabi\c\</path>
         <kind>archive</kind>
         <file>libc.a</file>
         <name>_printfi.c.obj</name>
      </input_file>
      <input_file id="fl-73">
         <path>C:\ti\ccs1270\ccs\tools\compiler\ti-cgt-armllvm_3.2.1.LTS\lib\armv6m-ti-none-eabi\c\</path>
         <kind>archive</kind>
         <file>libc.a</file>
         <name>fflush.c.obj</name>
      </input_file>
      <input_file id="fl-74">
         <path>C:\ti\ccs1270\ccs\tools\compiler\ti-cgt-armllvm_3.2.1.LTS\lib\armv6m-ti-none-eabi\c\</path>
         <kind>archive</kind>
         <file>libc.a</file>
         <name>fputs.c.obj</name>
      </input_file>
      <input_file id="fl-75">
         <path>C:\ti\ccs1270\ccs\tools\compiler\ti-cgt-armllvm_3.2.1.LTS\lib\armv6m-ti-none-eabi\c\</path>
         <kind>archive</kind>
         <file>libc.a</file>
         <name>_io_perm.c.obj</name>
      </input_file>
      <input_file id="fl-76">
         <path>C:\ti\ccs1270\ccs\tools\compiler\ti-cgt-armllvm_3.2.1.LTS\lib\armv6m-ti-none-eabi\c\</path>
         <kind>archive</kind>
         <file>libc.a</file>
         <name>setvbuf.c.obj</name>
      </input_file>
      <input_file id="fl-77">
         <path>C:\ti\ccs1270\ccs\tools\compiler\ti-cgt-armllvm_3.2.1.LTS\lib\armv6m-ti-none-eabi\c\</path>
         <kind>archive</kind>
         <file>libc.a</file>
         <name>s_frexp.c.obj</name>
      </input_file>
      <input_file id="fl-78">
         <path>C:\ti\ccs1270\ccs\tools\compiler\ti-cgt-armllvm_3.2.1.LTS\lib\armv6m-ti-none-eabi\c\</path>
         <kind>archive</kind>
         <file>libc.a</file>
         <name>s_scalbn.c.obj</name>
      </input_file>
      <input_file id="fl-79">
         <path>C:\ti\ccs1270\ccs\tools\compiler\ti-cgt-armllvm_3.2.1.LTS\lib\armv6m-ti-none-eabi\c\</path>
         <kind>archive</kind>
         <file>libc.a</file>
         <name>aeabi_ctype.S.obj</name>
      </input_file>
      <input_file id="fl-7a">
         <path>C:\ti\ccs1270\ccs\tools\compiler\ti-cgt-armllvm_3.2.1.LTS\lib\armv6m-ti-none-eabi\c\</path>
         <kind>archive</kind>
         <file>libc.a</file>
         <name>exit.c.obj</name>
      </input_file>
      <input_file id="fl-7b">
         <path>C:\ti\ccs1270\ccs\tools\compiler\ti-cgt-armllvm_3.2.1.LTS\lib\armv6m-ti-none-eabi\c\</path>
         <kind>archive</kind>
         <file>libc.a</file>
         <name>_lock.c.obj</name>
      </input_file>
      <input_file id="fl-7c">
         <path>C:\ti\ccs1270\ccs\tools\compiler\ti-cgt-armllvm_3.2.1.LTS\lib\armv6m-ti-none-eabi\c\</path>
         <kind>archive</kind>
         <file>libc.a</file>
         <name>_ltoa.c.obj</name>
      </input_file>
      <input_file id="fl-7d">
         <path>C:\ti\ccs1270\ccs\tools\compiler\ti-cgt-armllvm_3.2.1.LTS\lib\armv6m-ti-none-eabi\c\</path>
         <kind>archive</kind>
         <file>libc.a</file>
         <name>args_main.c.obj</name>
      </input_file>
      <input_file id="fl-7e">
         <path>C:\ti\ccs1270\ccs\tools\compiler\ti-cgt-armllvm_3.2.1.LTS\lib\armv6m-ti-none-eabi\c\</path>
         <kind>archive</kind>
         <file>libc.a</file>
         <name>atoi.c.obj</name>
      </input_file>
      <input_file id="fl-7f">
         <path>C:\ti\ccs1270\ccs\tools\compiler\ti-cgt-armllvm_3.2.1.LTS\lib\armv6m-ti-none-eabi\c\</path>
         <kind>archive</kind>
         <file>libc.a</file>
         <name>memccpy.c.obj</name>
      </input_file>
      <input_file id="fl-80">
         <path>C:\ti\ccs1270\ccs\tools\compiler\ti-cgt-armllvm_3.2.1.LTS\lib\armv6m-ti-none-eabi\c\</path>
         <kind>archive</kind>
         <file>libc.a</file>
         <name>autoinit.c.obj</name>
      </input_file>
      <input_file id="fl-81">
         <path>C:\ti\ccs1270\ccs\tools\compiler\ti-cgt-armllvm_3.2.1.LTS\lib\armv6m-ti-none-eabi\c\</path>
         <kind>archive</kind>
         <file>libc.a</file>
         <name>pre_init.c.obj</name>
      </input_file>
      <input_file id="fl-82">
         <path>C:\ti\ccs1270\ccs\tools\compiler\ti-cgt-armllvm_3.2.1.LTS\lib\armv6m-ti-none-eabi\c\</path>
         <kind>archive</kind>
         <file>libc.a</file>
         <name>cpy_tbl.c.obj</name>
      </input_file>
      <input_file id="fl-83">
         <path>C:\ti\ccs1270\ccs\tools\compiler\ti-cgt-armllvm_3.2.1.LTS\lib\armv6m-ti-none-eabi\c\</path>
         <kind>archive</kind>
         <file>libc.a</file>
         <name>wcslen.c.obj</name>
      </input_file>
      <input_file id="fl-84">
         <path>C:\ti\ccs1270\ccs\tools\compiler\ti-cgt-armllvm_3.2.1.LTS\lib\armv6m-ti-none-eabi\c\</path>
         <kind>archive</kind>
         <file>libc.a</file>
         <name>fopen.c.obj</name>
      </input_file>
      <input_file id="fl-85">
         <path>C:\ti\ccs1270\ccs\tools\compiler\ti-cgt-armllvm_3.2.1.LTS\lib\armv6m-ti-none-eabi\c\</path>
         <kind>archive</kind>
         <file>libc.a</file>
         <name>fseek.c.obj</name>
      </input_file>
      <input_file id="fl-86">
         <path>C:\ti\ccs1270\ccs\tools\compiler\ti-cgt-armllvm_3.2.1.LTS\lib\armv6m-ti-none-eabi\c\</path>
         <kind>archive</kind>
         <file>libc.a</file>
         <name>fclose.c.obj</name>
      </input_file>
      <input_file id="fl-ec">
         <path>C:\ti\ccs1270\ccs\tools\compiler\ti-cgt-armllvm_3.2.1.LTS\lib\armv6m-ti-none-eabi\c\</path>
         <kind>archive</kind>
         <file>libsysbm.a</file>
         <name>write.c.obj</name>
      </input_file>
      <input_file id="fl-ed">
         <path>C:\ti\ccs1270\ccs\tools\compiler\ti-cgt-armllvm_3.2.1.LTS\lib\armv6m-ti-none-eabi\c\</path>
         <kind>archive</kind>
         <file>libsysbm.a</file>
         <name>host_device.c.obj</name>
      </input_file>
      <input_file id="fl-ee">
         <path>C:\ti\ccs1270\ccs\tools\compiler\ti-cgt-armllvm_3.2.1.LTS\lib\armv6m-ti-none-eabi\c\</path>
         <kind>archive</kind>
         <file>libsysbm.a</file>
         <name>remove.c.obj</name>
      </input_file>
      <input_file id="fl-ef">
         <path>C:\ti\ccs1270\ccs\tools\compiler\ti-cgt-armllvm_3.2.1.LTS\lib\armv6m-ti-none-eabi\c\</path>
         <kind>archive</kind>
         <file>libsysbm.a</file>
         <name>open.c.obj</name>
      </input_file>
      <input_file id="fl-f0">
         <path>C:\ti\ccs1270\ccs\tools\compiler\ti-cgt-armllvm_3.2.1.LTS\lib\armv6m-ti-none-eabi\c\</path>
         <kind>archive</kind>
         <file>libsysbm.a</file>
         <name>lseek.c.obj</name>
      </input_file>
      <input_file id="fl-f1">
         <path>C:\ti\ccs1270\ccs\tools\compiler\ti-cgt-armllvm_3.2.1.LTS\lib\armv6m-ti-none-eabi\c\</path>
         <kind>archive</kind>
         <file>libsysbm.a</file>
         <name>close.c.obj</name>
      </input_file>
      <input_file id="fl-f2">
         <path>C:\ti\ccs1270\ccs\tools\compiler\ti-cgt-armllvm_3.2.1.LTS\lib\armv6m-ti-none-eabi\c\</path>
         <kind>archive</kind>
         <file>libsysbm.a</file>
         <name>unlink.c.obj</name>
      </input_file>
      <input_file id="fl-f3">
         <path>C:\ti\ccs1270\ccs\tools\compiler\ti-cgt-armllvm_3.2.1.LTS\lib\armv6m-ti-none-eabi\c\</path>
         <kind>archive</kind>
         <file>libsysbm.a</file>
         <name>hostclose.c.obj</name>
      </input_file>
      <input_file id="fl-f4">
         <path>C:\ti\ccs1270\ccs\tools\compiler\ti-cgt-armllvm_3.2.1.LTS\lib\armv6m-ti-none-eabi\c\</path>
         <kind>archive</kind>
         <file>libsysbm.a</file>
         <name>hostlseek.c.obj</name>
      </input_file>
      <input_file id="fl-f5">
         <path>C:\ti\ccs1270\ccs\tools\compiler\ti-cgt-armllvm_3.2.1.LTS\lib\armv6m-ti-none-eabi\c\</path>
         <kind>archive</kind>
         <file>libsysbm.a</file>
         <name>hostopen.c.obj</name>
      </input_file>
      <input_file id="fl-f6">
         <path>C:\ti\ccs1270\ccs\tools\compiler\ti-cgt-armllvm_3.2.1.LTS\lib\armv6m-ti-none-eabi\c\</path>
         <kind>archive</kind>
         <file>libsysbm.a</file>
         <name>hostread.c.obj</name>
      </input_file>
      <input_file id="fl-f7">
         <path>C:\ti\ccs1270\ccs\tools\compiler\ti-cgt-armllvm_3.2.1.LTS\lib\armv6m-ti-none-eabi\c\</path>
         <kind>archive</kind>
         <file>libsysbm.a</file>
         <name>hostrename.c.obj</name>
      </input_file>
      <input_file id="fl-f8">
         <path>C:\ti\ccs1270\ccs\tools\compiler\ti-cgt-armllvm_3.2.1.LTS\lib\armv6m-ti-none-eabi\c\</path>
         <kind>archive</kind>
         <file>libsysbm.a</file>
         <name>hostunlink.c.obj</name>
      </input_file>
      <input_file id="fl-f9">
         <path>C:\ti\ccs1270\ccs\tools\compiler\ti-cgt-armllvm_3.2.1.LTS\lib\armv6m-ti-none-eabi\c\</path>
         <kind>archive</kind>
         <file>libsysbm.a</file>
         <name>hostwrite.c.obj</name>
      </input_file>
      <input_file id="fl-fa">
         <path>C:\ti\ccs1270\ccs\tools\compiler\ti-cgt-armllvm_3.2.1.LTS\lib\armv6m-ti-none-eabi\c\</path>
         <kind>archive</kind>
         <file>libsysbm.a</file>
         <name>trgmsg.c.obj</name>
      </input_file>
      <input_file id="fl-fb">
         <path>C:\ti\ccs1270\ccs\tools\compiler\ti-cgt-armllvm_3.2.1.LTS\lib\clang\15.0.7\lib\armv6m-ti-none-eabi\</path>
         <kind>archive</kind>
         <file>libclang_rt.builtins.a</file>
         <name>adddf3.S.obj</name>
      </input_file>
      <input_file id="fl-fc">
         <path>C:\ti\ccs1270\ccs\tools\compiler\ti-cgt-armllvm_3.2.1.LTS\lib\clang\15.0.7\lib\armv6m-ti-none-eabi\</path>
         <kind>archive</kind>
         <file>libclang_rt.builtins.a</file>
         <name>muldf3.S.obj</name>
      </input_file>
      <input_file id="fl-fd">
         <path>C:\ti\ccs1270\ccs\tools\compiler\ti-cgt-armllvm_3.2.1.LTS\lib\clang\15.0.7\lib\armv6m-ti-none-eabi\</path>
         <kind>archive</kind>
         <file>libclang_rt.builtins.a</file>
         <name>muldsi3.S.obj</name>
      </input_file>
      <input_file id="fl-fe">
         <path>C:\ti\ccs1270\ccs\tools\compiler\ti-cgt-armllvm_3.2.1.LTS\lib\clang\15.0.7\lib\armv6m-ti-none-eabi\</path>
         <kind>archive</kind>
         <file>libclang_rt.builtins.a</file>
         <name>ashldi3.S.obj</name>
      </input_file>
      <input_file id="fl-ff">
         <path>C:\ti\ccs1270\ccs\tools\compiler\ti-cgt-armllvm_3.2.1.LTS\lib\clang\15.0.7\lib\armv6m-ti-none-eabi\</path>
         <kind>archive</kind>
         <file>libclang_rt.builtins.a</file>
         <name>divdf3.S.obj</name>
      </input_file>
      <input_file id="fl-100">
         <path>C:\ti\ccs1270\ccs\tools\compiler\ti-cgt-armllvm_3.2.1.LTS\lib\clang\15.0.7\lib\armv6m-ti-none-eabi\</path>
         <kind>archive</kind>
         <file>libclang_rt.builtins.a</file>
         <name>fixdfsi.S.obj</name>
      </input_file>
      <input_file id="fl-101">
         <path>C:\ti\ccs1270\ccs\tools\compiler\ti-cgt-armllvm_3.2.1.LTS\lib\clang\15.0.7\lib\armv6m-ti-none-eabi\</path>
         <kind>archive</kind>
         <file>libclang_rt.builtins.a</file>
         <name>floatsidf.S.obj</name>
      </input_file>
      <input_file id="fl-102">
         <path>C:\ti\ccs1270\ccs\tools\compiler\ti-cgt-armllvm_3.2.1.LTS\lib\clang\15.0.7\lib\armv6m-ti-none-eabi\</path>
         <kind>archive</kind>
         <file>libclang_rt.builtins.a</file>
         <name>muldi3.S.obj</name>
      </input_file>
      <input_file id="fl-103">
         <path>C:\ti\ccs1270\ccs\tools\compiler\ti-cgt-armllvm_3.2.1.LTS\lib\clang\15.0.7\lib\armv6m-ti-none-eabi\</path>
         <kind>archive</kind>
         <file>libclang_rt.builtins.a</file>
         <name>clzsi2.c.obj</name>
      </input_file>
      <input_file id="fl-104">
         <path>C:\ti\ccs1270\ccs\tools\compiler\ti-cgt-armllvm_3.2.1.LTS\lib\clang\15.0.7\lib\armv6m-ti-none-eabi\</path>
         <kind>archive</kind>
         <file>libclang_rt.builtins.a</file>
         <name>aeabi_dcmp.S.obj</name>
      </input_file>
      <input_file id="fl-105">
         <path>C:\ti\ccs1270\ccs\tools\compiler\ti-cgt-armllvm_3.2.1.LTS\lib\clang\15.0.7\lib\armv6m-ti-none-eabi\</path>
         <kind>archive</kind>
         <file>libclang_rt.builtins.a</file>
         <name>aeabi_idivmod.S.obj</name>
      </input_file>
      <input_file id="fl-106">
         <path>C:\ti\ccs1270\ccs\tools\compiler\ti-cgt-armllvm_3.2.1.LTS\lib\clang\15.0.7\lib\armv6m-ti-none-eabi\</path>
         <kind>archive</kind>
         <file>libclang_rt.builtins.a</file>
         <name>aeabi_memcpy.S.obj</name>
      </input_file>
      <input_file id="fl-107">
         <path>C:\ti\ccs1270\ccs\tools\compiler\ti-cgt-armllvm_3.2.1.LTS\lib\clang\15.0.7\lib\armv6m-ti-none-eabi\</path>
         <kind>archive</kind>
         <file>libclang_rt.builtins.a</file>
         <name>aeabi_memmove.S.obj</name>
      </input_file>
      <input_file id="fl-108">
         <path>C:\ti\ccs1270\ccs\tools\compiler\ti-cgt-armllvm_3.2.1.LTS\lib\clang\15.0.7\lib\armv6m-ti-none-eabi\</path>
         <kind>archive</kind>
         <file>libclang_rt.builtins.a</file>
         <name>aeabi_memset.S.obj</name>
      </input_file>
      <input_file id="fl-109">
         <path>C:\ti\ccs1270\ccs\tools\compiler\ti-cgt-armllvm_3.2.1.LTS\lib\clang\15.0.7\lib\armv6m-ti-none-eabi\</path>
         <kind>archive</kind>
         <file>libclang_rt.builtins.a</file>
         <name>aeabi_uidivmod.S.obj</name>
      </input_file>
      <input_file id="fl-10a">
         <path>C:\ti\ccs1270\ccs\tools\compiler\ti-cgt-armllvm_3.2.1.LTS\lib\clang\15.0.7\lib\armv6m-ti-none-eabi\</path>
         <kind>archive</kind>
         <file>libclang_rt.builtins.a</file>
         <name>aeabi_uldivmod.S.obj</name>
      </input_file>
      <input_file id="fl-10b">
         <path>C:\ti\ccs1270\ccs\tools\compiler\ti-cgt-armllvm_3.2.1.LTS\lib\clang\15.0.7\lib\armv6m-ti-none-eabi\</path>
         <kind>archive</kind>
         <file>libclang_rt.builtins.a</file>
         <name>udivmoddi4.S.obj</name>
      </input_file>
      <input_file id="fl-10c">
         <path>C:\ti\ccs1270\ccs\tools\compiler\ti-cgt-armllvm_3.2.1.LTS\lib\clang\15.0.7\lib\armv6m-ti-none-eabi\</path>
         <kind>archive</kind>
         <file>libclang_rt.builtins.a</file>
         <name>comparedf2.c.obj</name>
      </input_file>
      <input_file id="fl-10d">
         <path>C:\ti\ccs1270\ccs\tools\compiler\ti-cgt-armllvm_3.2.1.LTS\lib\clang\15.0.7\lib\armv6m-ti-none-eabi\</path>
         <kind>archive</kind>
         <file>libclang_rt.builtins.a</file>
         <name>aeabi_div0.c.obj</name>
      </input_file>
      <input_file id="fl-10e">
         <path>C:\ti\ccs1270\ccs\tools\compiler\ti-cgt-armllvm_3.2.1.LTS\lib\armv6m-ti-none-eabi\c\</path>
         <kind>archive</kind>
         <file>libc.a</file>
         <name>getdevice.c.obj</name>
      </input_file>
      <input_file id="fl-10f">
         <path>C:\ti\ccs1270\ccs\tools\compiler\ti-cgt-armllvm_3.2.1.LTS\lib\armv6m-ti-none-eabi\c\</path>
         <kind>archive</kind>
         <file>libc.a</file>
         <name>memcpy16.S.obj</name>
      </input_file>
      <input_file id="fl-110">
         <path>C:\ti\ccs1270\ccs\tools\compiler\ti-cgt-armllvm_3.2.1.LTS\lib\armv6m-ti-none-eabi\c\</path>
         <kind>archive</kind>
         <file>libc.a</file>
         <name>memset16.S.obj</name>
      </input_file>
      <input_file id="fl-111">
         <path>C:\ti\ccs1270\ccs\tools\compiler\ti-cgt-armllvm_3.2.1.LTS\lib\armv6m-ti-none-eabi\c\</path>
         <kind>archive</kind>
         <file>libc.a</file>
         <name>memmov.c.obj</name>
      </input_file>
   </input_file_list>
   <object_component_list>
      <object_component id="oc-18">
         <name>.intvecs</name>
         <load_address>0x0</load_address>
         <readonly>true</readonly>
         <run_address>0x0</run_address>
         <size>0xc0</size>
         <alignment>0x4</alignment>
         <input_file_ref idref="fl-4"/>
      </object_component>
      <object_component id="oc-9a">
         <name>.text.UARTMSP_interruptHandler</name>
         <load_address>0xc0</load_address>
         <readonly>true</readonly>
         <executable>true</executable>
         <run_address>0xc0</run_address>
         <size>0x500</size>
         <alignment>0x4</alignment>
         <input_file_ref idref="fl-40"/>
      </object_component>
      <object_component id="oc-443">
         <name>.text._ZN2ot3Ncp7NcpBase22FindGetPropertyHandlerEj</name>
         <load_address>0xc0</load_address>
         <readonly>true</readonly>
         <executable>true</executable>
         <run_address>0xc0</run_address>
         <size>0x0</size>
         <alignment>0x2</alignment>
         <input_file_ref idref="fl-2e"/>
      </object_component>
      <object_component id="oc-491">
         <name>.text._ZN2ot3Ncp7NcpBase25FindInsertPropertyHandlerEj</name>
         <load_address>0xc0</load_address>
         <readonly>true</readonly>
         <executable>true</executable>
         <run_address>0xc0</run_address>
         <size>0x0</size>
         <alignment>0x2</alignment>
         <input_file_ref idref="fl-2e"/>
      </object_component>
      <object_component id="oc-492">
         <name>.text._ZN2ot3Ncp7NcpBase25FindRemovePropertyHandlerEj</name>
         <load_address>0xc0</load_address>
         <readonly>true</readonly>
         <executable>true</executable>
         <run_address>0xc0</run_address>
         <size>0x0</size>
         <alignment>0x2</alignment>
         <input_file_ref idref="fl-2e"/>
      </object_component>
      <object_component id="oc-496">
         <name>.text._ZN2ot3Ncp7NcpBase22FindSetPropertyHandlerEj</name>
         <load_address>0xc0</load_address>
         <readonly>true</readonly>
         <executable>true</executable>
         <run_address>0xc0</run_address>
         <size>0x0</size>
         <alignment>0x2</alignment>
         <input_file_ref idref="fl-2e"/>
      </object_component>
      <object_component id="oc-37c">
         <name>.text._ZN2ot6Spinel6Buffer16InFrameOverwriteERKNS1_13WritePositionEPKht</name>
         <load_address>0x5c0</load_address>
         <readonly>true</readonly>
         <executable>true</executable>
         <run_address>0x5c0</run_address>
         <size>0x2e0</size>
         <alignment>0x4</alignment>
         <input_file_ref idref="fl-29"/>
      </object_component>
      <object_component id="oc-421">
         <name>.text:__TI_printfi_minimal</name>
         <load_address>0x8a0</load_address>
         <readonly>true</readonly>
         <executable>true</executable>
         <run_address>0x8a0</run_address>
         <size>0x284</size>
         <alignment>0x4</alignment>
         <input_file_ref idref="fl-72"/>
      </object_component>
      <object_component id="oc-297">
         <name>.text.ns_mem_free</name>
         <load_address>0xb24</load_address>
         <readonly>true</readonly>
         <executable>true</executable>
         <run_address>0xb24</run_address>
         <size>0x242</size>
         <alignment>0x2</alignment>
         <input_file_ref idref="fl-a"/>
      </object_component>
      <object_component id="oc-42">
         <name>.text.Default_Handler</name>
         <load_address>0xd66</load_address>
         <readonly>true</readonly>
         <executable>true</executable>
         <run_address>0xd66</run_address>
         <size>0x2</size>
         <alignment>0x2</alignment>
         <input_file_ref idref="fl-4"/>
      </object_component>
      <object_component id="oc-338">
         <name>.text._ZN2ot6Spinel6Buffer14OutFrameRemoveEv</name>
         <load_address>0xd68</load_address>
         <readonly>true</readonly>
         <executable>true</executable>
         <run_address>0xd68</run_address>
         <size>0x214</size>
         <alignment>0x4</alignment>
         <input_file_ref idref="fl-29"/>
      </object_component>
      <object_component id="oc-2bc">
         <name>.text._ZN2ot3Ncp7NcpBase23WriteCommandSetPropertyEjPv</name>
         <load_address>0xf7c</load_address>
         <readonly>true</readonly>
         <executable>true</executable>
         <run_address>0xf7c</run_address>
         <size>0x1ec</size>
         <alignment>0x4</alignment>
         <input_file_ref idref="fl-2d"/>
      </object_component>
      <object_component id="oc-2e6">
         <name>.text.xQueueSemaphoreTake</name>
         <load_address>0x1168</load_address>
         <readonly>true</readonly>
         <executable>true</executable>
         <run_address>0x1168</run_address>
         <size>0x1ec</size>
         <alignment>0x2</alignment>
         <input_file_ref idref="fl-47"/>
      </object_component>
      <object_component id="oc-160">
         <name>.text.xQueueGenericSend</name>
         <load_address>0x1354</load_address>
         <readonly>true</readonly>
         <executable>true</executable>
         <run_address>0x1354</run_address>
         <size>0x1d2</size>
         <alignment>0x2</alignment>
         <input_file_ref idref="fl-47"/>
      </object_component>
      <object_component id="oc-44">
         <name>.text.SVC_Handler</name>
         <load_address>0x1526</load_address>
         <readonly>true</readonly>
         <executable>true</executable>
         <run_address>0x1526</run_address>
         <size>0x2</size>
         <alignment>0x2</alignment>
         <input_file_ref idref="fl-4a"/>
      </object_component>
      <object_component id="oc-63">
         <name>.text.pvPortMalloc</name>
         <load_address>0x1528</load_address>
         <readonly>true</readonly>
         <executable>true</executable>
         <run_address>0x1528</run_address>
         <size>0x1c0</size>
         <alignment>0x4</alignment>
         <input_file_ref idref="fl-46"/>
      </object_component>
      <object_component id="oc-28d">
         <name>.text.ns_mem_internal_alloc</name>
         <load_address>0x16e8</load_address>
         <readonly>true</readonly>
         <executable>true</executable>
         <run_address>0x16e8</run_address>
         <size>0x1a6</size>
         <alignment>0x2</alignment>
         <input_file_ref idref="fl-a"/>
      </object_component>
      <object_component id="oc-23c">
         <name>.text.UARTMSP_eventCallback</name>
         <load_address>0x188e</load_address>
         <readonly>true</readonly>
         <executable>true</executable>
         <run_address>0x188e</run_address>
         <size>0x2</size>
         <alignment>0x2</alignment>
         <input_file_ref idref="fl-2"/>
      </object_component>
      <object_component id="oc-1b7">
         <name>.text.UARTMSP_enable</name>
         <load_address>0x1890</load_address>
         <readonly>true</readonly>
         <executable>true</executable>
         <run_address>0x1890</run_address>
         <size>0x1a4</size>
         <alignment>0x4</alignment>
         <input_file_ref idref="fl-40"/>
      </object_component>
      <object_component id="oc-2f0">
         <name>.text.xQueueReceive</name>
         <load_address>0x1a34</load_address>
         <readonly>true</readonly>
         <executable>true</executable>
         <run_address>0x1a34</run_address>
         <size>0x1a4</size>
         <alignment>0x2</alignment>
         <input_file_ref idref="fl-47"/>
      </object_component>
      <object_component id="oc-380">
         <name>.text.DMAMSPM0_hwiFxn</name>
         <load_address>0x1bd8</load_address>
         <readonly>true</readonly>
         <executable>true</executable>
         <run_address>0x1bd8</run_address>
         <size>0x19c</size>
         <alignment>0x4</alignment>
         <input_file_ref idref="fl-41"/>
      </object_component>
      <object_component id="oc-3cc">
         <name>.text._ZN2ot6Spinel6Buffer22OutFramePrepareSegmentEv</name>
         <load_address>0x1d74</load_address>
         <readonly>true</readonly>
         <executable>true</executable>
         <run_address>0x1d74</run_address>
         <size>0x18c</size>
         <alignment>0x4</alignment>
         <input_file_ref idref="fl-29"/>
      </object_component>
      <object_component id="oc-1e7">
         <name>.text.vPortSuppressTicksAndSleep</name>
         <load_address>0x1f00</load_address>
         <readonly>true</readonly>
         <executable>true</executable>
         <run_address>0x1f00</run_address>
         <size>0x188</size>
         <alignment>0x4</alignment>
         <input_file_ref idref="fl-4a"/>
      </object_component>
      <object_component id="oc-44b">
         <name>.text._ZN2ot3Ncp7NcpBase33HandleCommandPropertyInsertRemoveEhjj</name>
         <load_address>0x2088</load_address>
         <readonly>true</readonly>
         <executable>true</executable>
         <run_address>0x2088</run_address>
         <size>0x186</size>
         <alignment>0x4</alignment>
         <input_file_ref idref="fl-2d"/>
      </object_component>
      <object_component id="oc-bd">
         <name>.text.__aeabi_idiv0</name>
         <load_address>0x220e</load_address>
         <readonly>true</readonly>
         <executable>true</executable>
         <run_address>0x220e</run_address>
         <size>0x2</size>
         <alignment>0x2</alignment>
         <input_file_ref idref="fl-10d"/>
      </object_component>
      <object_component id="oc-3e1">
         <name>.text._ZN2ot6Spinel6Buffer5ClearEv</name>
         <load_address>0x2210</load_address>
         <readonly>true</readonly>
         <executable>true</executable>
         <run_address>0x2210</run_address>
         <size>0x174</size>
         <alignment>0x4</alignment>
         <input_file_ref idref="fl-29"/>
      </object_component>
      <object_component id="oc-3f8">
         <name>.text._ZN2ot6Spinel6Buffer19InFrameBeginSegmentEv</name>
         <load_address>0x2384</load_address>
         <readonly>true</readonly>
         <executable>true</executable>
         <run_address>0x2384</run_address>
         <size>0x172</size>
         <alignment>0x2</alignment>
         <input_file_ref idref="fl-29"/>
      </object_component>
      <object_component id="oc-406">
         <name>.text.__aeabi_ldiv0</name>
         <load_address>0x24f6</load_address>
         <readonly>true</readonly>
         <executable>true</executable>
         <run_address>0x24f6</run_address>
         <size>0x2</size>
         <alignment>0x2</alignment>
         <input_file_ref idref="fl-10d"/>
      </object_component>
      <object_component id="oc-3fc">
         <name>.text._ZN2ot6Spinel6Buffer17InFrameEndSegmentEt</name>
         <load_address>0x24f8</load_address>
         <readonly>true</readonly>
         <executable>true</executable>
         <run_address>0x24f8</run_address>
         <size>0x15c</size>
         <alignment>0x4</alignment>
         <input_file_ref idref="fl-29"/>
      </object_component>
      <object_component id="oc-98">
         <name>.text.xTaskIncrementTick</name>
         <load_address>0x2654</load_address>
         <readonly>true</readonly>
         <executable>true</executable>
         <run_address>0x2654</run_address>
         <size>0x158</size>
         <alignment>0x4</alignment>
         <input_file_ref idref="fl-48"/>
      </object_component>
      <object_component id="oc-266">
         <name>.text.prvProcessReceivedCommands</name>
         <load_address>0x27ac</load_address>
         <readonly>true</readonly>
         <executable>true</executable>
         <run_address>0x27ac</run_address>
         <size>0x154</size>
         <alignment>0x4</alignment>
         <input_file_ref idref="fl-49"/>
      </object_component>
      <object_component id="oc-33d">
         <name>.text._ZN2ot11MessagePoolC2ERNS_8InstanceE</name>
         <load_address>0x2900</load_address>
         <readonly>true</readonly>
         <executable>true</executable>
         <run_address>0x2900</run_address>
         <size>0x14c</size>
         <alignment>0x4</alignment>
         <input_file_ref idref="fl-21"/>
      </object_component>
      <object_component id="oc-12c">
         <name>.text.pthread_create</name>
         <load_address>0x2a4c</load_address>
         <readonly>true</readonly>
         <executable>true</executable>
         <run_address>0x2a4c</run_address>
         <size>0x14c</size>
         <alignment>0x4</alignment>
         <input_file_ref idref="fl-4e"/>
      </object_component>
      <object_component id="oc-339">
         <name>.text._ZN2ot4Hdlc7Encoder8EndFrameEv</name>
         <load_address>0x2b98</load_address>
         <readonly>true</readonly>
         <executable>true</executable>
         <run_address>0x2b98</run_address>
         <size>0x144</size>
         <alignment>0x4</alignment>
         <input_file_ref idref="fl-27"/>
      </object_component>
      <object_component id="oc-b4">
         <name>.text.xTaskResumeAll</name>
         <load_address>0x2cdc</load_address>
         <readonly>true</readonly>
         <executable>true</executable>
         <run_address>0x2cdc</run_address>
         <size>0x134</size>
         <alignment>0x4</alignment>
         <input_file_ref idref="fl-48"/>
      </object_component>
      <object_component id="oc-242">
         <name>.text.RingBuf_getn</name>
         <load_address>0x2e10</load_address>
         <readonly>true</readonly>
         <executable>true</executable>
         <run_address>0x2e10</run_address>
         <size>0x12e</size>
         <alignment>0x2</alignment>
         <input_file_ref idref="fl-42"/>
      </object_component>
      <object_component id="oc-2e7">
         <name>.text.RingBuf_putn</name>
         <load_address>0x2f3e</load_address>
         <readonly>true</readonly>
         <executable>true</executable>
         <run_address>0x2f3e</run_address>
         <size>0x12c</size>
         <alignment>0x2</alignment>
         <input_file_ref idref="fl-42"/>
      </object_component>
      <object_component id="oc-223">
         <name>.text._nop</name>
         <load_address>0x306a</load_address>
         <readonly>true</readonly>
         <executable>true</executable>
         <run_address>0x306a</run_address>
         <size>0x2</size>
         <alignment>0x2</alignment>
         <input_file_ref idref="fl-7b"/>
      </object_component>
      <object_component id="oc-36a">
         <name>.text._ZN2ot3Ncp7NcpBase13HandleReceiveEPKht</name>
         <load_address>0x306c</load_address>
         <readonly>true</readonly>
         <executable>true</executable>
         <run_address>0x306c</run_address>
         <size>0x12c</size>
         <alignment>0x4</alignment>
         <input_file_ref idref="fl-2d"/>
      </object_component>
      <object_component id="oc-192">
         <name>.text.eventOS_event_handler_create</name>
         <load_address>0x3198</load_address>
         <readonly>true</readonly>
         <executable>true</executable>
         <run_address>0x3198</run_address>
         <size>0x120</size>
         <alignment>0x4</alignment>
         <input_file_ref idref="fl-e"/>
      </object_component>
      <object_component id="oc-398">
         <name>.text.xQueueGenericSendFromISR</name>
         <load_address>0x32b8</load_address>
         <readonly>true</readonly>
         <executable>true</executable>
         <run_address>0x32b8</run_address>
         <size>0x120</size>
         <alignment>0x2</alignment>
         <input_file_ref idref="fl-47"/>
      </object_component>
      <object_component id="oc-1d3">
         <name>.text.prvInitialiseNewTask</name>
         <load_address>0x33d8</load_address>
         <readonly>true</readonly>
         <executable>true</executable>
         <run_address>0x33d8</run_address>
         <size>0x11c</size>
         <alignment>0x2</alignment>
         <input_file_ref idref="fl-48"/>
      </object_component>
      <object_component id="oc-258">
         <name>.text.vTaskSuspend</name>
         <load_address>0x34f4</load_address>
         <readonly>true</readonly>
         <executable>true</executable>
         <run_address>0x34f4</run_address>
         <size>0x110</size>
         <alignment>0x4</alignment>
         <input_file_ref idref="fl-48"/>
      </object_component>
      <object_component id="oc-44c">
         <name>.text._ZN2ot3Ncp7NcpBase24HandleCommandPropertySetEhj</name>
         <load_address>0x3604</load_address>
         <readonly>true</readonly>
         <executable>true</executable>
         <run_address>0x3604</run_address>
         <size>0x10c</size>
         <alignment>0x4</alignment>
         <input_file_ref idref="fl-2d"/>
      </object_component>
      <object_component id="oc-3b9">
         <name>.text.fputs</name>
         <load_address>0x3710</load_address>
         <readonly>true</readonly>
         <executable>true</executable>
         <run_address>0x3710</run_address>
         <size>0x104</size>
         <alignment>0x4</alignment>
         <input_file_ref idref="fl-74"/>
      </object_component>
      <object_component id="oc-393">
         <name>.text.vTaskPriorityDisinheritAfterTimeout</name>
         <load_address>0x3814</load_address>
         <readonly>true</readonly>
         <executable>true</executable>
         <run_address>0x3814</run_address>
         <size>0x100</size>
         <alignment>0x4</alignment>
         <input_file_ref idref="fl-48"/>
      </object_component>
      <object_component id="oc-f4">
         <name>.text.UARTMSP_dmaRx</name>
         <load_address>0x3914</load_address>
         <readonly>true</readonly>
         <executable>true</executable>
         <run_address>0x3914</run_address>
         <size>0xfc</size>
         <alignment>0x4</alignment>
         <input_file_ref idref="fl-40"/>
      </object_component>
      <object_component id="oc-2a5">
         <name>.text._ZN2ot3Ncp7NcpBaseC2EPNS_8InstanceE</name>
         <load_address>0x3a10</load_address>
         <readonly>true</readonly>
         <executable>true</executable>
         <run_address>0x3a10</run_address>
         <size>0xfc</size>
         <alignment>0x4</alignment>
         <input_file_ref idref="fl-2d"/>
      </object_component>
      <object_component id="oc-1ba">
         <name>.text.UART_readFullFeatured</name>
         <load_address>0x3b0c</load_address>
         <readonly>true</readonly>
         <executable>true</executable>
         <run_address>0x3b0c</run_address>
         <size>0xfa</size>
         <alignment>0x2</alignment>
         <input_file_ref idref="fl-3f"/>
      </object_component>
      <object_component id="oc-1ee">
         <name>.text.mesh_system_heap_error_handler</name>
         <load_address>0x3c06</load_address>
         <readonly>true</readonly>
         <executable>true</executable>
         <run_address>0x3c06</run_address>
         <size>0x2</size>
         <alignment>0x2</alignment>
         <input_file_ref idref="fl-d"/>
      </object_component>
      <object_component id="oc-36c">
         <name>.text._ZN2ot4Hdlc7Decoder6DecodeEPKht</name>
         <load_address>0x3c08</load_address>
         <readonly>true</readonly>
         <executable>true</executable>
         <run_address>0x3c08</run_address>
         <size>0xf4</size>
         <alignment>0x4</alignment>
         <input_file_ref idref="fl-27"/>
      </object_component>
      <object_component id="oc-165">
         <name>.text.xQueueGiveFromISR</name>
         <load_address>0x3cfc</load_address>
         <readonly>true</readonly>
         <executable>true</executable>
         <run_address>0x3cfc</run_address>
         <size>0xf4</size>
         <alignment>0x2</alignment>
         <input_file_ref idref="fl-47"/>
      </object_component>
      <object_component id="oc-3f4">
         <name>.text._ZN2ot3Ncp7NcpBase32CommandHandler_PROP_VALUE_updateEhj</name>
         <load_address>0x3df0</load_address>
         <readonly>true</readonly>
         <executable>true</executable>
         <run_address>0x3df0</run_address>
         <size>0xf2</size>
         <alignment>0x4</alignment>
         <input_file_ref idref="fl-2d"/>
      </object_component>
      <object_component id="oc-27e">
         <name>.text.ns_event_loop_thread_start</name>
         <load_address>0x3ee2</load_address>
         <readonly>true</readonly>
         <executable>true</executable>
         <run_address>0x3ee2</run_address>
         <size>0x2</size>
         <alignment>0x2</alignment>
         <input_file_ref idref="fl-15"/>
      </object_component>
      <object_component id="oc-3ec">
         <name>.text._ZN2ot3Ncp7NcpBase18UpdateChangedPropsEv</name>
         <load_address>0x3ee4</load_address>
         <readonly>true</readonly>
         <executable>true</executable>
         <run_address>0x3ee4</run_address>
         <size>0xf0</size>
         <alignment>0x4</alignment>
         <input_file_ref idref="fl-2d"/>
      </object_component>
      <object_component id="oc-299">
         <name>.text._ZN2ot3Ncp7NcpUart19EncodeAndSendToUartEv</name>
         <load_address>0x3fd4</load_address>
         <readonly>true</readonly>
         <executable>true</executable>
         <run_address>0x3fd4</run_address>
         <size>0xf0</size>
         <alignment>0x4</alignment>
         <input_file_ref idref="fl-30"/>
      </object_component>
      <object_component id="oc-3f6">
         <name>.text._ZN2ot3Ncp7NcpBase15EnqueueResponseEhNS1_12ResponseTypeEj</name>
         <load_address>0x40c4</load_address>
         <readonly>true</readonly>
         <executable>true</executable>
         <run_address>0x40c4</run_address>
         <size>0xec</size>
         <alignment>0x4</alignment>
         <input_file_ref idref="fl-2d"/>
      </object_component>
      <object_component id="oc-3e9">
         <name>.text._ZN2ot3Ncp7NcpBase19SendQueuedResponsesEv</name>
         <load_address>0x41b0</load_address>
         <readonly>true</readonly>
         <executable>true</executable>
         <run_address>0x41b0</run_address>
         <size>0xec</size>
         <alignment>0x4</alignment>
         <input_file_ref idref="fl-2d"/>
      </object_component>
      <object_component id="oc-1a">
         <name>.text.vTaskSwitchContext</name>
         <load_address>0x429c</load_address>
         <readonly>true</readonly>
         <executable>true</executable>
         <run_address>0x429c</run_address>
         <size>0xec</size>
         <alignment>0x4</alignment>
         <input_file_ref idref="fl-48"/>
      </object_component>
      <object_component id="oc-2d8">
         <name>.text.xQueueReceiveFromISR</name>
         <load_address>0x4388</load_address>
         <readonly>true</readonly>
         <executable>true</executable>
         <run_address>0x4388</run_address>
         <size>0xec</size>
         <alignment>0x2</alignment>
         <input_file_ref idref="fl-47"/>
      </object_component>
      <object_component id="oc-259">
         <name>.text.vTaskDelete</name>
         <load_address>0x4474</load_address>
         <readonly>true</readonly>
         <executable>true</executable>
         <run_address>0x4474</run_address>
         <size>0xe8</size>
         <alignment>0x4</alignment>
         <input_file_ref idref="fl-48"/>
      </object_component>
      <object_component id="oc-3a3">
         <name>.text.eventOS_callback_timer_start</name>
         <load_address>0x455c</load_address>
         <readonly>true</readonly>
         <executable>true</executable>
         <run_address>0x455c</run_address>
         <size>0xe4</size>
         <alignment>0x4</alignment>
         <input_file_ref idref="fl-10"/>
      </object_component>
      <object_component id="oc-391">
         <name>.text.xTaskPriorityInherit</name>
         <load_address>0x4640</load_address>
         <readonly>true</readonly>
         <executable>true</executable>
         <run_address>0x4640</run_address>
         <size>0xe4</size>
         <alignment>0x4</alignment>
         <input_file_ref idref="fl-48"/>
      </object_component>
      <object_component id="oc-2cb">
         <name>.text.DMAMSPM0_init</name>
         <load_address>0x4724</load_address>
         <readonly>true</readonly>
         <executable>true</executable>
         <run_address>0x4724</run_address>
         <size>0xe0</size>
         <alignment>0x4</alignment>
         <input_file_ref idref="fl-41"/>
      </object_component>
      <object_component id="oc-1d4">
         <name>.text.prvAddNewTaskToReadyList</name>
         <load_address>0x4804</load_address>
         <readonly>true</readonly>
         <executable>true</executable>
         <run_address>0x4804</run_address>
         <size>0xe0</size>
         <alignment>0x4</alignment>
         <input_file_ref idref="fl-48"/>
      </object_component>
      <object_component id="oc-481">
         <name>.text.setvbuf</name>
         <load_address>0x48e4</load_address>
         <readonly>true</readonly>
         <executable>true</executable>
         <run_address>0x48e4</run_address>
         <size>0xdc</size>
         <alignment>0x4</alignment>
         <input_file_ref idref="fl-76"/>
      </object_component>
      <object_component id="oc-41f">
         <name>.text.eventOS_scheduler_dispatch_event</name>
         <load_address>0x49c0</load_address>
         <readonly>true</readonly>
         <executable>true</executable>
         <run_address>0x49c0</run_address>
         <size>0xd8</size>
         <alignment>0x4</alignment>
         <input_file_ref idref="fl-e"/>
      </object_component>
      <object_component id="oc-1ae">
         <name>.text.prvCopyDataToQueue</name>
         <load_address>0x4a98</load_address>
         <readonly>true</readonly>
         <executable>true</executable>
         <run_address>0x4a98</run_address>
         <size>0xd4</size>
         <alignment>0x2</alignment>
         <input_file_ref idref="fl-47"/>
      </object_component>
      <object_component id="oc-33a">
         <name>.text._ZN2ot6Spinel6Buffer16OutFrameReadByteEv</name>
         <load_address>0x4b6c</load_address>
         <readonly>true</readonly>
         <executable>true</executable>
         <run_address>0x4b6c</run_address>
         <size>0xd0</size>
         <alignment>0x2</alignment>
         <input_file_ref idref="fl-29"/>
      </object_component>
      <object_component id="oc-3f9">
         <name>.text._ZN2ot6Spinel6Buffer14InFrameDiscardEv</name>
         <load_address>0x4c3c</load_address>
         <readonly>true</readonly>
         <executable>true</executable>
         <run_address>0x4c3c</run_address>
         <size>0xcc</size>
         <alignment>0x2</alignment>
         <input_file_ref idref="fl-29"/>
      </object_component>
      <object_component id="oc-365">
         <name>.text.UART_open</name>
         <load_address>0x4d08</load_address>
         <readonly>true</readonly>
         <executable>true</executable>
         <run_address>0x4d08</run_address>
         <size>0xc8</size>
         <alignment>0x4</alignment>
         <input_file_ref idref="fl-3f"/>
      </object_component>
      <object_component id="oc-276">
         <name>.text.eventOS_scheduler_init</name>
         <load_address>0x4dd0</load_address>
         <readonly>true</readonly>
         <executable>true</executable>
         <run_address>0x4dd0</run_address>
         <size>0xc8</size>
         <alignment>0x4</alignment>
         <input_file_ref idref="fl-e"/>
      </object_component>
      <object_component id="oc-370">
         <name>.text._ZN2ot6Spinel6Buffer15InFrameFeedDataEPKht</name>
         <load_address>0x4e98</load_address>
         <readonly>true</readonly>
         <executable>true</executable>
         <run_address>0x4e98</run_address>
         <size>0xc6</size>
         <alignment>0x2</alignment>
         <input_file_ref idref="fl-29"/>
      </object_component>
      <object_component id="oc-43f">
         <name>.text._ZNK2ot7Message4ReadEttPv</name>
         <load_address>0x4f5e</load_address>
         <readonly>true</readonly>
         <executable>true</executable>
         <run_address>0x4f5e</run_address>
         <size>0xc6</size>
         <alignment>0x2</alignment>
         <input_file_ref idref="fl-21"/>
      </object_component>
      <object_component id="oc-3ea">
         <name>.text._ZN2ot3Ncp7NcpBase25WritePropertyValueIsFrameEhjb</name>
         <load_address>0x5024</load_address>
         <readonly>true</readonly>
         <executable>true</executable>
         <run_address>0x5024</run_address>
         <size>0xc4</size>
         <alignment>0x2</alignment>
         <input_file_ref idref="fl-2d"/>
      </object_component>
      <object_component id="oc-22c">
         <name>.text.xTaskPriorityDisinherit</name>
         <load_address>0x50e8</load_address>
         <readonly>true</readonly>
         <executable>true</executable>
         <run_address>0x50e8</run_address>
         <size>0xc4</size>
         <alignment>0x4</alignment>
         <input_file_ref idref="fl-48"/>
      </object_component>
      <object_component id="oc-25b">
         <name>.text.xQueueGenericCreateStatic</name>
         <load_address>0x51ac</load_address>
         <readonly>true</readonly>
         <executable>true</executable>
         <run_address>0x51ac</run_address>
         <size>0xc0</size>
         <alignment>0x2</alignment>
         <input_file_ref idref="fl-47"/>
      </object_component>
      <object_component id="oc-2cc">
         <name>.text.DMAMSPM0_open</name>
         <load_address>0x526c</load_address>
         <readonly>true</readonly>
         <executable>true</executable>
         <run_address>0x526c</run_address>
         <size>0xbc</size>
         <alignment>0x4</alignment>
         <input_file_ref idref="fl-41"/>
      </object_component>
      <object_component id="oc-3fe">
         <name>.text.HwiP_construct</name>
         <load_address>0x5328</load_address>
         <readonly>true</readonly>
         <executable>true</executable>
         <run_address>0x5328</run_address>
         <size>0xbc</size>
         <alignment>0x4</alignment>
         <input_file_ref idref="fl-44"/>
      </object_component>
      <object_component id="oc-411">
         <name>.text.ns_timer_interrupt_handler</name>
         <load_address>0x53e4</load_address>
         <readonly>true</readonly>
         <executable>true</executable>
         <run_address>0x53e4</run_address>
         <size>0xbc</size>
         <alignment>0x4</alignment>
         <input_file_ref idref="fl-10"/>
      </object_component>
      <object_component id="oc-b3">
         <name>.text.prvInsertBlockIntoFreeList</name>
         <load_address>0x54a0</load_address>
         <readonly>true</readonly>
         <executable>true</executable>
         <run_address>0x54a0</run_address>
         <size>0xbc</size>
         <alignment>0x4</alignment>
         <input_file_ref idref="fl-46"/>
      </object_component>
      <object_component id="oc-12d">
         <name>.text.vTaskStartScheduler</name>
         <load_address>0x555c</load_address>
         <readonly>true</readonly>
         <executable>true</executable>
         <run_address>0x555c</run_address>
         <size>0xbc</size>
         <alignment>0x4</alignment>
         <input_file_ref idref="fl-48"/>
      </object_component>
      <object_component id="oc-37b">
         <name>.text._ZNK2ot6Spinel6Buffer18InFrameGetDistanceERKNS1_13WritePositionE</name>
         <load_address>0x5618</load_address>
         <readonly>true</readonly>
         <executable>true</executable>
         <run_address>0x5618</run_address>
         <size>0xb8</size>
         <alignment>0x2</alignment>
         <input_file_ref idref="fl-29"/>
      </object_component>
      <object_component id="oc-1b4">
         <name>.text.prvUnlockQueue</name>
         <load_address>0x56d0</load_address>
         <readonly>true</readonly>
         <executable>true</executable>
         <run_address>0x56d0</run_address>
         <size>0xb6</size>
         <alignment>0x2</alignment>
         <input_file_ref idref="fl-47"/>
      </object_component>
      <object_component id="oc-497">
         <name>.text.otPlatReset</name>
         <load_address>0x5786</load_address>
         <readonly>true</readonly>
         <executable>true</executable>
         <run_address>0x5786</run_address>
         <size>0x2</size>
         <alignment>0x2</alignment>
         <input_file_ref idref="fl-19"/>
      </object_component>
      <object_component id="oc-2f7">
         <name>.text.ClockP_construct</name>
         <load_address>0x5788</load_address>
         <readonly>true</readonly>
         <executable>true</executable>
         <run_address>0x5788</run_address>
         <size>0xb4</size>
         <alignment>0x4</alignment>
         <input_file_ref idref="fl-43"/>
      </object_component>
      <object_component id="oc-247">
         <name>.text.UART_writeCallback</name>
         <load_address>0x583c</load_address>
         <readonly>true</readonly>
         <executable>true</executable>
         <run_address>0x583c</run_address>
         <size>0xb4</size>
         <alignment>0x4</alignment>
         <input_file_ref idref="fl-3f"/>
      </object_component>
      <object_component id="oc-1b1">
         <name>.text.xTaskCheckForTimeOut</name>
         <load_address>0x58f0</load_address>
         <readonly>true</readonly>
         <executable>true</executable>
         <run_address>0x58f0</run_address>
         <size>0xb4</size>
         <alignment>0x4</alignment>
         <input_file_ref idref="fl-48"/>
      </object_component>
      <object_component id="oc-22e">
         <name>.text.prvAddCurrentTaskToDelayedList</name>
         <load_address>0x59a4</load_address>
         <readonly>true</readonly>
         <executable>true</executable>
         <run_address>0x59a4</run_address>
         <size>0xb0</size>
         <alignment>0x4</alignment>
         <input_file_ref idref="fl-48"/>
      </object_component>
      <object_component id="oc-b2">
         <name>.text.prvHeapInit</name>
         <load_address>0x5a54</load_address>
         <readonly>true</readonly>
         <executable>true</executable>
         <run_address>0x5a54</run_address>
         <size>0xb0</size>
         <alignment>0x4</alignment>
         <input_file_ref idref="fl-46"/>
      </object_component>
      <object_component id="oc-395">
         <name>.text.prvSwitchTimerLists</name>
         <load_address>0x5b04</load_address>
         <readonly>true</readonly>
         <executable>true</executable>
         <run_address>0x5b04</run_address>
         <size>0xb0</size>
         <alignment>0x4</alignment>
         <input_file_ref idref="fl-49"/>
      </object_component>
      <object_component id="oc-1af">
         <name>.text.xTaskRemoveFromEventList</name>
         <load_address>0x5bb4</load_address>
         <readonly>true</readonly>
         <executable>true</executable>
         <run_address>0x5bb4</run_address>
         <size>0xb0</size>
         <alignment>0x4</alignment>
         <input_file_ref idref="fl-48"/>
      </object_component>
      <object_component id="oc-198">
         <name>.text.eventOS_event_send</name>
         <load_address>0x5c64</load_address>
         <readonly>true</readonly>
         <executable>true</executable>
         <run_address>0x5c64</run_address>
         <size>0xac</size>
         <alignment>0x4</alignment>
         <input_file_ref idref="fl-e"/>
      </object_component>
      <object_component id="oc-417">
         <name>.text.ns_timer_get_next_running_to</name>
         <load_address>0x5d10</load_address>
         <readonly>true</readonly>
         <executable>true</executable>
         <run_address>0x5d10</run_address>
         <size>0xac</size>
         <alignment>0x4</alignment>
         <input_file_ref idref="fl-10"/>
      </object_component>
      <object_component id="oc-177">
         <name>.text.xQueueGenericCreate</name>
         <load_address>0x5dbc</load_address>
         <readonly>true</readonly>
         <executable>true</executable>
         <run_address>0x5dbc</run_address>
         <size>0xaa</size>
         <alignment>0x2</alignment>
         <input_file_ref idref="fl-47"/>
      </object_component>
      <object_component id="oc-32f">
         <name>.text.otPlatWakeHost</name>
         <load_address>0x5e66</load_address>
         <readonly>true</readonly>
         <executable>true</executable>
         <run_address>0x5e66</run_address>
         <size>0x2</size>
         <alignment>0x2</alignment>
         <input_file_ref idref="fl-19"/>
      </object_component>
      <object_component id="oc-23a">
         <name>.text.DMA_Init</name>
         <load_address>0x5e68</load_address>
         <readonly>true</readonly>
         <executable>true</executable>
         <run_address>0x5e68</run_address>
         <size>0xa8</size>
         <alignment>0x4</alignment>
         <input_file_ref idref="fl-41"/>
      </object_component>
      <object_component id="oc-39d">
         <name>.text.eventOS_callback_timer_register</name>
         <load_address>0x5f10</load_address>
         <readonly>true</readonly>
         <executable>true</executable>
         <run_address>0x5f10</run_address>
         <size>0xa8</size>
         <alignment>0x4</alignment>
         <input_file_ref idref="fl-10"/>
      </object_component>
      <object_component id="oc-1b9">
         <name>.text.UARTMSP_txChar</name>
         <load_address>0x5fb8</load_address>
         <readonly>true</readonly>
         <executable>true</executable>
         <run_address>0x5fb8</run_address>
         <size>0xa4</size>
         <alignment>0x4</alignment>
         <input_file_ref idref="fl-40"/>
      </object_component>
      <object_component id="oc-36d">
         <name>.text._ZN2ot6Spinel6Buffer15InFrameFeedByteEh</name>
         <load_address>0x605c</load_address>
         <readonly>true</readonly>
         <executable>true</executable>
         <run_address>0x605c</run_address>
         <size>0xa4</size>
         <alignment>0x2</alignment>
         <input_file_ref idref="fl-29"/>
      </object_component>
      <object_component id="oc-270">
         <name>.text.ns_dyn_mem_init</name>
         <load_address>0x6100</load_address>
         <readonly>true</readonly>
         <executable>true</executable>
         <run_address>0x6100</run_address>
         <size>0xa4</size>
         <alignment>0x4</alignment>
         <input_file_ref idref="fl-a"/>
      </object_component>
      <object_component id="oc-460">
         <name>.text.timer_sys_event_free</name>
         <load_address>0x61a4</load_address>
         <readonly>true</readonly>
         <executable>true</executable>
         <run_address>0x61a4</run_address>
         <size>0xa4</size>
         <alignment>0x4</alignment>
         <input_file_ref idref="fl-11"/>
      </object_component>
      <object_component id="oc-38a">
         <name>.text</name>
         <load_address>0x6248</load_address>
         <readonly>true</readonly>
         <executable>true</executable>
         <run_address>0x6248</run_address>
         <size>0xa2</size>
         <alignment>0x4</alignment>
         <input_file_ref idref="fl-10b"/>
      </object_component>
      <object_component id="oc-26f">
         <name>.text.platform_critical_init</name>
         <load_address>0x62ea</load_address>
         <readonly>true</readonly>
         <executable>true</executable>
         <run_address>0x62ea</run_address>
         <size>0x2</size>
         <alignment>0x2</alignment>
         <input_file_ref idref="fl-13"/>
      </object_component>
      <object_component id="oc-73">
[...]
         <value>0x8b8d</value>
         <object_component_ref idref="oc-188"/>
      </symbol>
      <symbol id="sm-6ca">
         <name>vPortSetupTimerInterrupt</name>
         <value>0x815d</value>
         <object_component_ref idref="oc-1e2"/>
      </symbol>
      <symbol id="sm-6cb">
         <name>vPortYield</name>
         <value>0x9f11</value>
         <object_component_ref idref="oc-10e"/>
      </symbol>
      <symbol id="sm-6cc">
         <name>vPortEnterCritical</name>
         <value>0x9ef9</value>
         <object_component_ref idref="oc-10d"/>
      </symbol>
      <symbol id="sm-6cd">
         <name>vPortExitCritical</name>
         <value>0x9689</value>
         <object_component_ref idref="oc-10f"/>
      </symbol>
      <symbol id="sm-6ce">
         <name>ulSetInterruptMaskFromISR</name>
         <value>0xa389</value>
         <object_component_ref idref="oc-97"/>
      </symbol>
      <symbol id="sm-6cf">
         <name>vClearInterruptMaskFromISR</name>
         <value>0xa3af</value>
         <object_component_ref idref="oc-99"/>
      </symbol>
      <symbol id="sm-6d0">
         <name>PendSV_Handler</name>
         <value>0x8831</value>
         <object_component_ref idref="oc-49"/>
      </symbol>
      <symbol id="sm-6d1">
         <name>SysTick_Handler</name>
         <value>0x9555</value>
         <object_component_ref idref="oc-4a"/>
      </symbol>
      <symbol id="sm-6d2">
         <name>vPortSuppressTicksAndSleep</name>
         <value>0x1f01</value>
         <object_component_ref idref="oc-1e7"/>
      </symbol>
      <symbol id="sm-6df">
         <name>PTLS_getBuf</name>
         <value>0x9d89</value>
         <object_component_ref idref="oc-a8"/>
      </symbol>
      <symbol id="sm-6e0">
         <name>PTLS_setBuf</name>
         <value>0x9da3</value>
         <object_component_ref idref="oc-ad"/>
      </symbol>
      <symbol id="sm-6e1">
         <name>PTLS_taskDeleteHook</name>
         <value>0x9b09</value>
         <object_component_ref idref="oc-2ec"/>
      </symbol>
      <symbol id="sm-6ec">
         <name>__aeabi_errno_addr</name>
         <value>0x80b5</value>
         <object_component_ref idref="oc-5f"/>
      </symbol>
      <symbol id="sm-6ff">
         <name>malloc</name>
         <value>0x84c9</value>
         <object_component_ref idref="oc-1f"/>
      </symbol>
      <symbol id="sm-700">
         <name>calloc</name>
         <value>0x6f7d</value>
         <object_component_ref idref="oc-24"/>
      </symbol>
      <symbol id="sm-701">
         <name>realloc</name>
         <value>0xa2e9</value>
         <object_component_ref idref="oc-25"/>
      </symbol>
      <symbol id="sm-702">
         <name>free</name>
         <value>0xa199</value>
         <object_component_ref idref="oc-26"/>
      </symbol>
      <symbol id="sm-703">
         <name>memalign</name>
         <value>0xa2c5</value>
         <object_component_ref idref="oc-27"/>
      </symbol>
      <symbol id="sm-704">
         <name>aligned_alloc</name>
         <value>0xa029</value>
         <object_component_ref idref="oc-28"/>
      </symbol>
      <symbol id="sm-728">
         <name>pthread_attr_init</name>
         <value>0x9d6d</value>
         <object_component_ref idref="oc-124"/>
      </symbol>
      <symbol id="sm-729">
         <name>pthread_attr_setdetachstate</name>
         <value>0x94cf</value>
         <object_component_ref idref="oc-12a"/>
      </symbol>
      <symbol id="sm-72a">
         <name>pthread_attr_setschedparam</name>
         <value>0x91ed</value>
         <object_component_ref idref="oc-129"/>
      </symbol>
      <symbol id="sm-72b">
         <name>pthread_attr_setstacksize</name>
         <value>0xa111</value>
         <object_component_ref idref="oc-12b"/>
      </symbol>
      <symbol id="sm-72c">
         <name>_pthread_cleanup_pop</name>
         <value>0x95ad</value>
         <object_component_ref idref="oc-256"/>
      </symbol>
      <symbol id="sm-72d">
         <name>pthread_create</name>
         <value>0x2a4d</value>
         <object_component_ref idref="oc-12c"/>
      </symbol>
      <symbol id="sm-72e">
         <name>pthread_exit</name>
         <value>0x7519</value>
         <object_component_ref idref="oc-1d5"/>
      </symbol>
      <symbol id="sm-72f">
         <name>pthread_self</name>
         <value>0x9ee1</value>
         <object_component_ref idref="oc-254"/>
      </symbol>
      <symbol id="sm-730">
         <name>pthread_setcancelstate</name>
         <value>0x7df5</value>
         <object_component_ref idref="oc-255"/>
      </symbol>
      <symbol id="sm-739">
         <name>sched_yield</name>
         <value>0xa315</value>
         <object_component_ref idref="oc-3d5"/>
      </symbol>
      <symbol id="sm-74a">
         <name>sem_init</name>
         <value>0x7aed</value>
         <object_component_ref idref="oc-30f"/>
      </symbol>
      <symbol id="sm-74b">
         <name>sem_post</name>
         <value>0x8395</value>
         <object_component_ref idref="oc-32b"/>
      </symbol>
      <symbol id="sm-74c">
         <name>sem_wait</name>
         <value>0x9d15</value>
         <object_component_ref idref="oc-41c"/>
      </symbol>
      <symbol id="sm-761">
         <name>vApplicationGetIdleTaskMemory</name>
         <value>0x993d</value>
         <object_component_ref idref="oc-17d"/>
      </symbol>
      <symbol id="sm-762">
         <name>vApplicationGetTimerTaskMemory</name>
         <value>0x9965</value>
         <object_component_ref idref="oc-1db"/>
      </symbol>
      <symbol id="sm-773">
         <name>vListInitialise</name>
         <value>0x965d</value>
         <object_component_ref idref="oc-25a"/>
      </symbol>
      <symbol id="sm-774">
         <name>vListInitialiseItem</name>
         <value>0xa27b</value>
         <object_component_ref idref="oc-250"/>
      </symbol>
      <symbol id="sm-775">
         <name>vListInsertEnd</name>
         <value>0x8d77</value>
         <object_component_ref idref="oc-df"/>
      </symbol>
      <symbol id="sm-776">
         <name>vListInsert</name>
         <value>0x7811</value>
         <object_component_ref idref="oc-22d"/>
      </symbol>
      <symbol id="sm-777">
         <name>uxListRemove</name>
         <value>0x8755</value>
         <object_component_ref idref="oc-da"/>
      </symbol>
      <symbol id="sm-781">
         <name>DL_Common_delayCycles</name>
         <value>0x8827</value>
         <object_component_ref idref="oc-1c9"/>
      </symbol>
      <symbol id="sm-78b">
         <name>DL_DMA_initChannel</name>
         <value>0x83e5</value>
         <object_component_ref idref="oc-15a"/>
      </symbol>
      <symbol id="sm-79b">
         <name>DL_UART_init</name>
         <value>0x855d</value>
         <object_component_ref idref="oc-238"/>
      </symbol>
      <symbol id="sm-79c">
         <name>DL_UART_setClockConfig</name>
         <value>0xa0c9</value>
         <object_component_ref idref="oc-232"/>
      </symbol>
      <symbol id="sm-79d">
         <name>DL_UART_configBaudRate</name>
         <value>0x6d81</value>
         <object_component_ref idref="oc-239"/>
      </symbol>
      <symbol id="sm-7ad">
         <name>DL_Interrupt_registerInterrupt</name>
         <value>0x6685</value>
         <object_component_ref idref="oc-44f"/>
      </symbol>
      <symbol id="sm-7ae">
         <name>DL_Interrupt_unregisterInterrupt</name>
         <value>0x9fc5</value>
         <object_component_ref idref="oc-3ff"/>
      </symbol>
      <symbol id="sm-7b9">
         <name>DL_SYSCTL_switchMCLKfromLFCLKtoSYSOSC</name>
         <value>0x8db1</value>
         <object_component_ref idref="oc-1cd"/>
      </symbol>
      <symbol id="sm-7ca">
         <name>sprintf</name>
         <value>0x8f39</value>
         <object_component_ref idref="oc-318"/>
      </symbol>
      <symbol id="sm-7db">
         <name>__aeabi_assert</name>
         <value>0x88b9</value>
         <object_component_ref idref="oc-27f"/>
      </symbol>
      <symbol id="sm-7e6">
         <name>_abort_msg</name>
         <value>0x9e21</value>
         <object_component_ref idref="oc-31e"/>
      </symbol>
      <symbol id="sm-7eb">
         <name>_ftable</name>
         <value>0x20205370</value>
         <object_component_ref idref="oc-3c5"/>
      </symbol>
      <symbol id="sm-7ec">
         <name>__TI_ft_end</name>
         <value>0x202056dc</value>
         <object_component_ref idref="oc-436"/>
      </symbol>
      <symbol id="sm-7ed">
         <name>__TI_tmpnams</name>
         <value>0x20204f28</value>
         <object_component_ref idref="oc-52e"/>
      </symbol>
      <symbol id="sm-7f8">
         <name>__TI_zero_init</name>
         <value>0xa1f9</value>
         <object_component_ref idref="oc-8a"/>
      </symbol>
      <symbol id="sm-801">
         <name>__TI_decompress_none</name>
         <value>0xa135</value>
         <object_component_ref idref="oc-2f"/>
      </symbol>
      <symbol id="sm-80c">
         <name>__TI_decompress_lzss</name>
         <value>0x7261</value>
         <object_component_ref idref="oc-2b"/>
      </symbol>
      <symbol id="sm-817">
         <name>_c_int00_noargs</name>
         <value>0x99b5</value>
         <object_component_ref idref="oc-8d"/>
      </symbol>
      <symbol id="sm-818">
         <name>__stack</name>
         <value>0x20207e00</value>
         <object_component_ref idref="oc-29"/>
      </symbol>
      <symbol id="sm-832">
         <name>__TI_printfi_minimal</name>
         <value>0x8a1</value>
         <object_component_ref idref="oc-421"/>
      </symbol>
      <symbol id="sm-83f">
         <name>fflush</name>
         <value>0x7cd9</value>
         <object_component_ref idref="oc-3bf"/>
      </symbol>
      <symbol id="sm-840">
         <name>__TI_doflush</name>
         <value>0x81b1</value>
         <object_component_ref idref="oc-433"/>
      </symbol>
      <symbol id="sm-84b">
         <name>fputs</name>
         <value>0x3711</value>
         <object_component_ref idref="oc-3b9"/>
      </symbol>
      <symbol id="sm-855">
         <name>__TI_wrt_ok</name>
         <value>0x7a87</value>
         <object_component_ref idref="oc-429"/>
      </symbol>
      <symbol id="sm-85f">
         <name>setvbuf</name>
         <value>0x48e5</value>
         <object_component_ref idref="oc-481"/>
      </symbol>
      <symbol id="sm-86f">
         <name>abort</name>
         <value>0xa3e5</value>
         <object_component_ref idref="oc-134"/>
      </symbol>
      <symbol id="sm-870">
         <name>C$$EXIT</name>
         <value>0xa3e4</value>
         <object_component_ref idref="oc-134"/>
      </symbol>
      <symbol id="sm-871">
         <name>__TI_cleanup_ptr</name>
         <value>0x20205694</value>
         <object_component_ref idref="oc-1a1"/>
      </symbol>
      <symbol id="sm-872">
         <name>__TI_dtors_ptr</name>
         <value>0x20205698</value>
         <object_component_ref idref="oc-1a1"/>
      </symbol>
      <symbol id="sm-873">
         <name>exit</name>
         <value>0x91b9</value>
         <object_component_ref idref="oc-139"/>
      </symbol>
      <symbol id="sm-87c">
         <name>_nop</name>
         <value>0x306b</value>
         <object_component_ref idref="oc-223"/>
      </symbol>
      <symbol id="sm-87d">
         <name>_lock</name>
         <value>0x202056e0</value>
         <object_component_ref idref="oc-19f"/>
      </symbol>
      <symbol id="sm-87e">
         <name>_unlock</name>
         <value>0x202056e4</value>
         <object_component_ref idref="oc-1a2"/>
      </symbol>
      <symbol id="sm-88a">
         <name>memccpy</name>
         <value>0x9b97</value>
         <object_component_ref idref="oc-463"/>
      </symbol>
      <symbol id="sm-895">
         <name>__TI_auto_init_nobinit_nopinit</name>
         <value>0x8d01</value>
         <object_component_ref idref="oc-13b"/>
      </symbol>
      <symbol id="sm-89d">
         <name>_system_pre_init</name>
         <value>0xa3d1</value>
         <object_component_ref idref="oc-ca"/>
      </symbol>
      <symbol id="sm-8aa">
         <name>__TI_cleanup</name>
         <value>0x911d</value>
         <object_component_ref idref="oc-4d7"/>
      </symbol>
      <symbol id="sm-8b7">
         <name>fseek</name>
         <value>0xa341</value>
         <object_component_ref idref="oc-47b"/>
      </symbol>
      <symbol id="sm-8b8">
         <name>fseeko</name>
         <value>0x76cd</value>
         <object_component_ref idref="oc-4d4"/>
      </symbol>
      <symbol id="sm-8c3">
         <name>__TI_closefile</name>
         <value>0x6f01</value>
         <object_component_ref idref="oc-4fc"/>
      </symbol>
      <symbol id="sm-8cd">
         <name>write</name>
         <value>0x998d</value>
         <object_component_ref idref="oc-42f"/>
      </symbol>
      <symbol id="sm-8d2">
         <name>_device</name>
         <value>0x202055b8</value>
         <object_component_ref idref="oc-4e0"/>
      </symbol>
      <symbol id="sm-8d3">
         <name>_stream</name>
         <value>0x20205630</value>
         <object_component_ref idref="oc-487"/>
      </symbol>
      <symbol id="sm-8dc">
         <name>remove</name>
         <value>0xa381</value>
         <object_component_ref idref="oc-52a"/>
      </symbol>
      <symbol id="sm-8e7">
         <name>lseek</name>
         <value>0x984d</value>
         <object_component_ref idref="oc-4f8"/>
      </symbol>
      <symbol id="sm-8f1">
         <name>close</name>
         <value>0x8205</value>
         <object_component_ref idref="oc-526"/>
      </symbol>
      <symbol id="sm-8fb">
         <name>unlink</name>
         <value>0x9631</value>
         <object_component_ref idref="oc-552"/>
      </symbol>
      <symbol id="sm-905">
         <name>HOSTclose</name>
         <value>0x85a5</value>
         <object_component_ref idref="oc-508"/>
      </symbol>
      <symbol id="sm-90f">
         <name>HOSTlseek</name>
         <value>0x7589</value>
         <object_component_ref idref="oc-514"/>
      </symbol>
      <symbol id="sm-919">
         <name>HOSTopen</name>
         <value>0x7c79</value>
         <object_component_ref idref="oc-504"/>
      </symbol>
      <symbol id="sm-91a">
         <name>parmbuf</name>
         <value>0x20205318</value>
         <object_component_ref idref="oc-538"/>
      </symbol>
      <symbol id="sm-924">
         <name>HOSTread</name>
         <value>0x7ea9</value>
         <object_component_ref idref="oc-50c"/>
      </symbol>
      <symbol id="sm-935">
         <name>HOSTrename</name>
         <value>0x75f5</value>
         <object_component_ref idref="oc-51c"/>
      </symbol>
      <symbol id="sm-93f">
         <name>HOSTunlink</name>
         <value>0x85ed</value>
         <object_component_ref idref="oc-518"/>
      </symbol>
      <symbol id="sm-949">
         <name>HOSTwrite</name>
         <value>0x7f01</value>
         <object_component_ref idref="oc-510"/>
      </symbol>
      <symbol id="sm-957">
         <name>C$$IO$$</name>
         <value>0x91b1</value>
         <object_component_ref idref="oc-531"/>
      </symbol>
      <symbol id="sm-958">
         <name>__TI_writemsg</name>
         <value>0x9185</value>
         <object_component_ref idref="oc-531"/>
      </symbol>
      <symbol id="sm-959">
         <name>__CIOBUF_</name>
         <value>0x20204a60</value>
         <object_component_ref idref="oc-559"/>
      </symbol>
      <symbol id="sm-95a">
         <name>__TI_readmsg</name>
         <value>0x9151</value>
         <object_component_ref idref="oc-537"/>
      </symbol>
      <symbol id="sm-95b">
         <name>_CIOBUF_</name>
         <value>0x20204a60</value>
         <object_component_ref idref="oc-559"/>
      </symbol>
      <symbol id="sm-961">
         <name>__muldsi3</name>
         <value>0x8d3d</value>
         <object_component_ref idref="oc-385"/>
      </symbol>
      <symbol id="sm-967">
         <name>__aeabi_llsl</name>
         <value>0x9c9d</value>
         <object_component_ref idref="oc-407"/>
      </symbol>
      <symbol id="sm-968">
         <name>__ashldi3</name>
         <value>0x9c9d</value>
         <object_component_ref idref="oc-407"/>
      </symbol>
      <symbol id="sm-96e">
         <name>__aeabi_lmul</name>
         <value>0x9b2d</value>
         <object_component_ref idref="oc-2de"/>
      </symbol>
      <symbol id="sm-96f">
         <name>__muldi3</name>
         <value>0x9b2d</value>
         <object_component_ref idref="oc-2de"/>
      </symbol>
      <symbol id="sm-976">
         <name>__aeabi_memcpy</name>
         <value>0xa331</value>
         <object_component_ref idref="oc-7d"/>
      </symbol>
      <symbol id="sm-977">
         <name>__aeabi_memcpy4</name>
         <value>0xa331</value>
         <object_component_ref idref="oc-7d"/>
      </symbol>
      <symbol id="sm-978">
         <name>__aeabi_memcpy8</name>
         <value>0xa331</value>
         <object_component_ref idref="oc-7d"/>
      </symbol>
      <symbol id="sm-981">
         <name>__aeabi_memset</name>
         <value>0xa235</value>
         <object_component_ref idref="oc-24f"/>
      </symbol>
      <symbol id="sm-982">
         <name>__aeabi_memset4</name>
         <value>0xa235</value>
         <object_component_ref idref="oc-24f"/>
      </symbol>
      <symbol id="sm-983">
         <name>__aeabi_memset8</name>
         <value>0xa235</value>
         <object_component_ref idref="oc-24f"/>
      </symbol>
      <symbol id="sm-984">
         <name>__aeabi_memclr</name>
         <value>0xa2ad</value>
         <object_component_ref idref="oc-6e"/>
      </symbol>
      <symbol id="sm-985">
         <name>__aeabi_memclr4</name>
         <value>0xa2ad</value>
         <object_component_ref idref="oc-6e"/>
      </symbol>
      <symbol id="sm-986">
         <name>__aeabi_memclr8</name>
         <value>0xa2ad</value>
         <object_component_ref idref="oc-6e"/>
      </symbol>
      <symbol id="sm-98c">
         <name>__aeabi_uidiv</name>
         <value>0x8acd</value>
         <object_component_ref idref="oc-6a"/>
      </symbol>
      <symbol id="sm-98d">
         <name>__aeabi_uidivmod</name>
         <value>0x8acd</value>
         <object_component_ref idref="oc-6a"/>
      </symbol>
      <symbol id="sm-993">
         <name>__aeabi_uldivmod</name>
         <value>0xa015</value>
         <object_component_ref idref="oc-2e2"/>
      </symbol>
      <symbol id="sm-999">
         <name>__udivmoddi4</name>
         <value>0x6249</value>
         <object_component_ref idref="oc-38a"/>
      </symbol>
      <symbol id="sm-9a6">
         <name>__aeabi_idiv0</name>
         <value>0x220f</value>
         <object_component_ref idref="oc-bd"/>
      </symbol>
      <symbol id="sm-9a7">
         <name>__aeabi_ldiv0</name>
         <value>0x24f7</value>
         <object_component_ref idref="oc-406"/>
      </symbol>
      <symbol id="sm-9b5">
         <name>finddevice</name>
         <value>0x8ec9</value>
         <object_component_ref idref="oc-565"/>
      </symbol>
      <symbol id="sm-9b6">
         <name>getdevice</name>
         <value>0x7951</value>
         <object_component_ref idref="oc-55c"/>
      </symbol>
      <symbol id="sm-9cf">
         <name>memcpy</name>
         <value>0x642d</value>
         <object_component_ref idref="oc-120"/>
      </symbol>
      <symbol id="sm-9de">
         <name>memset</name>
         <value>0x7c15</value>
         <object_component_ref idref="oc-11a"/>
      </symbol>
      <symbol id="sm-9e0">
         <name>__TI_static_base__</name>
         <value>0x0</value>
      </symbol>
      <symbol id="sm-9e4">
         <name>__mpu_init</name>
         <value>0x0</value>
      </symbol>
      <symbol id="sm-9e5">
         <name>_system_post_cinit</name>
         <value>0x0</value>
      </symbol>
   </symbol_table>
   <title>Link successful</title>
</link_info>
